Archive member included to satisfy reference by file (symbol)

d:/iti/tourkey/arm_tourkey/arm tools iti/arm gcc/bin/../lib/gcc/arm-none-eabi/5.4.1/armv7-m\libgcc.a(_arm_addsubsf3.o)
                              ./src/LIB/Delay/DELAY_program.o (__aeabi_fsub)
d:/iti/tourkey/arm_tourkey/arm tools iti/arm gcc/bin/../lib/gcc/arm-none-eabi/5.4.1/armv7-m\libgcc.a(_arm_muldivsf3.o)
                              ./src/LIB/Delay/DELAY_program.o (__aeabi_fdiv)
d:/iti/tourkey/arm_tourkey/arm tools iti/arm gcc/bin/../lib/gcc/arm-none-eabi/5.4.1/armv7-m\libgcc.a(_arm_fixunssfsi.o)
                              ./src/LIB/Delay/DELAY_program.o (__aeabi_f2uiz)
d:/iti/tourkey/arm_tourkey/arm tools iti/arm gcc/bin/../lib/gcc/arm-none-eabi/5.4.1/../../../../arm-none-eabi/lib/armv7-m\libg_nano.a(lib_a-errno.o)
                              ./system/src/newlib/_sbrk.o (__errno)
d:/iti/tourkey/arm_tourkey/arm tools iti/arm gcc/bin/../lib/gcc/arm-none-eabi/5.4.1/../../../../arm-none-eabi/lib/armv7-m\libg_nano.a(lib_a-impure.o)
                              d:/iti/tourkey/arm_tourkey/arm tools iti/arm gcc/bin/../lib/gcc/arm-none-eabi/5.4.1/../../../../arm-none-eabi/lib/armv7-m\libg_nano.a(lib_a-errno.o) (_impure_ptr)
d:/iti/tourkey/arm_tourkey/arm tools iti/arm gcc/bin/../lib/gcc/arm-none-eabi/5.4.1/../../../../arm-none-eabi/lib/armv7-m\libg_nano.a(lib_a-sprintf.o)
                              ./src/Application/Watch_App/Watch_APP_program.o (sprintf)
d:/iti/tourkey/arm_tourkey/arm tools iti/arm gcc/bin/../lib/gcc/arm-none-eabi/5.4.1/../../../../arm-none-eabi/lib/armv7-m\libg_nano.a(lib_a-strlen.o)
                              ./system/src/diag/Trace.o (strlen)
d:/iti/tourkey/arm_tourkey/arm tools iti/arm gcc/bin/../lib/gcc/arm-none-eabi/5.4.1/../../../../arm-none-eabi/lib/armv7-m\libg_nano.a(lib_a-vsnprintf.o)
                              ./system/src/diag/Trace.o (vsnprintf)
d:/iti/tourkey/arm_tourkey/arm tools iti/arm gcc/bin/../lib/gcc/arm-none-eabi/5.4.1/../../../../arm-none-eabi/lib/armv7-m\libg_nano.a(lib_a-nano-svfprintf.o)
                              d:/iti/tourkey/arm_tourkey/arm tools iti/arm gcc/bin/../lib/gcc/arm-none-eabi/5.4.1/../../../../arm-none-eabi/lib/armv7-m\libg_nano.a(lib_a-sprintf.o) (_svfprintf_r)
d:/iti/tourkey/arm_tourkey/arm tools iti/arm gcc/bin/../lib/gcc/arm-none-eabi/5.4.1/../../../../arm-none-eabi/lib/armv7-m\libg_nano.a(lib_a-nano-vfprintf_i.o)
                              d:/iti/tourkey/arm_tourkey/arm tools iti/arm gcc/bin/../lib/gcc/arm-none-eabi/5.4.1/../../../../arm-none-eabi/lib/armv7-m\libg_nano.a(lib_a-nano-svfprintf.o) (_printf_i)
d:/iti/tourkey/arm_tourkey/arm tools iti/arm gcc/bin/../lib/gcc/arm-none-eabi/5.4.1/../../../../arm-none-eabi/lib/armv7-m\libg_nano.a(lib_a-memchr-stub.o)
                              d:/iti/tourkey/arm_tourkey/arm tools iti/arm gcc/bin/../lib/gcc/arm-none-eabi/5.4.1/../../../../arm-none-eabi/lib/armv7-m\libg_nano.a(lib_a-nano-svfprintf.o) (memchr)
d:/iti/tourkey/arm_tourkey/arm tools iti/arm gcc/bin/../lib/gcc/arm-none-eabi/5.4.1/../../../../arm-none-eabi/lib/armv7-m\libg_nano.a(lib_a-memcpy-stub.o)
                              d:/iti/tourkey/arm_tourkey/arm tools iti/arm gcc/bin/../lib/gcc/arm-none-eabi/5.4.1/../../../../arm-none-eabi/lib/armv7-m\libg_nano.a(lib_a-nano-svfprintf.o) (memcpy)
d:/iti/tourkey/arm_tourkey/arm tools iti/arm gcc/bin/../lib/gcc/arm-none-eabi/5.4.1/../../../../arm-none-eabi/lib/armv7-m\libg_nano.a(lib_a-memmove.o)
                              d:/iti/tourkey/arm_tourkey/arm tools iti/arm gcc/bin/../lib/gcc/arm-none-eabi/5.4.1/../../../../arm-none-eabi/lib/armv7-m\libg_nano.a(lib_a-nano-svfprintf.o) (memmove)
d:/iti/tourkey/arm_tourkey/arm tools iti/arm gcc/bin/../lib/gcc/arm-none-eabi/5.4.1/../../../../arm-none-eabi/lib/armv7-m\libg_nano.a(lib_a-nano-freer.o)
                              d:/iti/tourkey/arm_tourkey/arm tools iti/arm gcc/bin/../lib/gcc/arm-none-eabi/5.4.1/../../../../arm-none-eabi/lib/armv7-m\libg_nano.a(lib_a-nano-svfprintf.o) (_free_r)
d:/iti/tourkey/arm_tourkey/arm tools iti/arm gcc/bin/../lib/gcc/arm-none-eabi/5.4.1/../../../../arm-none-eabi/lib/armv7-m\libg_nano.a(lib_a-nano-mallocr.o)
                              d:/iti/tourkey/arm_tourkey/arm tools iti/arm gcc/bin/../lib/gcc/arm-none-eabi/5.4.1/../../../../arm-none-eabi/lib/armv7-m\libg_nano.a(lib_a-nano-svfprintf.o) (_malloc_r)
d:/iti/tourkey/arm_tourkey/arm tools iti/arm gcc/bin/../lib/gcc/arm-none-eabi/5.4.1/../../../../arm-none-eabi/lib/armv7-m\libg_nano.a(lib_a-nano-reallocr.o)
                              d:/iti/tourkey/arm_tourkey/arm tools iti/arm gcc/bin/../lib/gcc/arm-none-eabi/5.4.1/../../../../arm-none-eabi/lib/armv7-m\libg_nano.a(lib_a-nano-svfprintf.o) (_realloc_r)
d:/iti/tourkey/arm_tourkey/arm tools iti/arm gcc/bin/../lib/gcc/arm-none-eabi/5.4.1/../../../../arm-none-eabi/lib/armv7-m\libg_nano.a(lib_a-sbrkr.o)
[...]
Memory Configuration

Name             Origin             Length             Attributes
RAM              0x20000000         0x00005000         xrw
CCMRAM           0x00000000         0x00000000         xrw
FLASH            0x08000000         0x00010000         xr
FLASHB1          0x00000000         0x00000000         xr
EXTMEMB0         0x00000000         0x00000000         xr
EXTMEMB1         0x00000000         0x00000000         xr
EXTMEMB2         0x00000000         0x00000000         xr
EXTMEMB3         0x00000000         0x00000000         xr
MEMORY_ARRAY     0x00000000         0x00000000         xrw
*default*        0x00000000         0xffffffff

Linker script and memory map

LOAD ./system/src/stm32f1-stdperiph/misc.o
LOAD ./system/src/stm32f1-stdperiph/stm32f10x_gpio.o
LOAD ./system/src/stm32f1-stdperiph/stm32f10x_rcc.o
LOAD ./system/src/newlib/_cxx.o
LOAD ./system/src/newlib/_exit.o
LOAD ./system/src/newlib/_sbrk.o
LOAD ./system/src/newlib/_startup.o
LOAD ./system/src/newlib/_syscalls.o
LOAD ./system/src/newlib/assert.o
LOAD ./system/src/diag/Trace.o
LOAD ./system/src/diag/trace_impl.o
LOAD ./system/src/cortexm/_initialize_hardware.o
LOAD ./system/src/cortexm/_reset_hardware.o
LOAD ./system/src/cortexm/exception_handlers.o
LOAD ./system/src/cmsis/system_stm32f10x.o
LOAD ./system/src/cmsis/vectors_stm32f10x.o
LOAD ./src/System_tasks/tasks_cfg.o
LOAD ./src/RTOS/RTOS_program.o
LOAD ./src/Other_Drivers/LED/LED_cfg.o
LOAD ./src/Other_Drivers/LED/LED_program.o
LOAD ./src/Other_Drivers/Keypad/keypad_program.o
LOAD ./src/Other_Drivers/7_Segment/Seven_Segment_program.o
LOAD ./src/MCAL/USART/USART_program.o
LOAD ./src/MCAL/SysTick/STK_program.o
LOAD ./src/MCAL/RCC/RCC_program.o
LOAD ./src/MCAL/NVIC/NVIC_program.o
LOAD ./src/MCAL/DMA/DMA_program.o
LOAD ./src/MCAL/DIO/DIO_program.o
LOAD ./src/LIB/Queue/queue.o
LOAD ./src/LIB/Delay/DELAY_program.o
LOAD ./src/HAL/USART_Handler/USRTH_program.o
LOAD ./src/HAL/Switch/Switch_cfg.o
LOAD ./src/HAL/Switch/Switch_program.o
LOAD ./src/HAL/LIN/LIN_cfg.o
LOAD ./src/HAL/LIN/LIN_program.o
LOAD ./src/HAL/LCD/C_LCD_program.o
LOAD ./src/Com_Protocols/A_Protocol.o
LOAD ./src/Com_Protocols/A_Protocol_cfg.o
LOAD ./src/Application/Watch_App/Watch_APP_program.o
LOAD ./src/Application/LIN_APP/LIN_APP.o
LOAD ./src/Application/App1_task/App1_program.o
LOAD ./src/Application/main.o
LOAD ./src/_write.o
LOAD d:/iti/tourkey/arm_tourkey/arm tools iti/arm gcc/bin/../lib/gcc/arm-none-eabi/5.4.1/../../../../arm-none-eabi/lib/armv7-m\libstdc++_nano.a
LOAD d:/iti/tourkey/arm_tourkey/arm tools iti/arm gcc/bin/../lib/gcc/arm-none-eabi/5.4.1/../../../../arm-none-eabi/lib/armv7-m\libm.a
START GROUP
LOAD d:/iti/tourkey/arm_tourkey/arm tools iti/arm gcc/bin/../lib/gcc/arm-none-eabi/5.4.1/armv7-m\libgcc.a
LOAD d:/iti/tourkey/arm_tourkey/arm tools iti/arm gcc/bin/../lib/gcc/arm-none-eabi/5.4.1/../../../../arm-none-eabi/lib/armv7-m\libg_nano.a
LOAD d:/iti/tourkey/arm_tourkey/arm tools iti/arm gcc/bin/../lib/gcc/arm-none-eabi/5.4.1/../../../../arm-none-eabi/lib/armv7-m\libc_nano.a
END GROUP
START GROUP
LOAD d:/iti/tourkey/arm_tourkey/arm tools iti/arm gcc/bin/../lib/gcc/arm-none-eabi/5.4.1/armv7-m\libgcc.a
LOAD d:/iti/tourkey/arm_tourkey/arm tools iti/arm gcc/bin/../lib/gcc/arm-none-eabi/5.4.1/../../../../arm-none-eabi/lib/armv7-m\libc_nano.a
END GROUP
                0x20005000                __stack = (ORIGIN (RAM) + LENGTH (RAM))
                0x20005000                _estack = __stack
                0x00000400                __Main_Stack_Size = 0x400
                [!provide]                PROVIDE (_Main_Stack_Size, __Main_Stack_Size)
                0x20004c00                __Main_Stack_Limit = (__stack - __Main_Stack_Size)
                [!provide]                PROVIDE (_Main_Stack_Limit, __Main_Stack_Limit)
                0x00000100                _Minimum_Stack_Size = 0x100
                0x200002ec                PROVIDE (_Heap_Begin, _end_noinit)
                0x20004c00                PROVIDE (_Heap_Limit, (__stack - __Main_Stack_Size))

.isr_vector     0x08000000      0x354
 FILL mask 0xff
                0x08000000                __vectors_start = ABSOLUTE (.)
                0x08000000                __vectors_start__ = ABSOLUTE (.)
 *(.isr_vector)
 .isr_vector    0x08000000      0x10c ./system/src/cmsis/vectors_stm32f10x.o
                0x08000000                __isr_vectors
 *(.cfmconfig)
 *(.after_vectors .after_vectors.*)
 .after_vectors
                0x0800010c      0x114 ./system/src/newlib/_startup.o
                0x0800010c                _start
 .after_vectors
                0x08000220      0x130 ./system/src/cortexm/exception_handlers.o
                0x08000220                Reset_Handler
                0x08000228                NMI_Handler
                0x0800022c                HardFault_Handler
                0x08000240                HardFault_Handler_C
                0x080002a0                MemManage_Handler
                0x080002a4                BusFault_Handler
                0x080002b8                BusFault_Handler_C
                0x080002ec                UsageFault_Handler
                0x08000300                UsageFault_Handler_C
                0x08000334                SVC_Handler
                0x08000338                DebugMon_Handler
                0x0800033c                PendSV_Handler
 .after_vectors
                0x08000350        0x4 ./system/src/cmsis/vectors_stm32f10x.o
                0x08000350                EXTI2_IRQHandler
                0x08000350                TIM8_TRG_COM_IRQHandler
                0x08000350                TIM8_CC_IRQHandler
                0x08000350                TIM1_CC_IRQHandler
                0x08000350                TIM6_IRQHandler
                0x08000350                PVD_IRQHandler
                0x08000350                SDIO_IRQHandler
                0x08000350                CAN2_RX1_IRQHandler
                0x08000350                EXTI3_IRQHandler
                0x08000350                TIM8_TRG_COM_TIM14_IRQHandler
                0x08000350                TIM1_UP_TIM10_IRQHandler
                0x08000350                TIM8_UP_TIM13_IRQHandler
                0x08000350                EXTI0_IRQHandler
                0x08000350                I2C2_EV_IRQHandler
                0x08000350                CAN1_RX0_IRQHandler
                0x08000350                TIM1_UP_TIM16_IRQHandler
                0x08000350                CAN2_SCE_IRQHandler
                0x08000350                ADC1_2_IRQHandler
                0x08000350                SPI1_IRQHandler
                0x08000350                TAMPER_IRQHandler
                0x08000350                TIM6_DAC_IRQHandler
                0x08000350                TIM1_BRK_TIM9_IRQHandler
                0x08000350                CAN2_RX0_IRQHandler
                0x08000350                TIM8_UP_IRQHandler
                0x08000350                DMA2_Channel2_IRQHandler
                0x08000350                USART3_IRQHandler
                0x08000350                RTC_IRQHandler
                0x08000350                CAN1_RX1_IRQHandler
                0x08000350                UART5_IRQHandler
                0x08000350                ADC3_IRQHandler
                0x08000350                TIM4_IRQHandler
                0x08000350                DMA2_Channel1_IRQHandler
                0x08000350                I2C1_EV_IRQHandler
                0x08000350                UART4_IRQHandler
                0x08000350                DMA2_Channel4_IRQHandler
                0x08000350                TIM3_IRQHandler
                0x08000350                RCC_IRQHandler
                0x08000350                TIM8_BRK_TIM12_IRQHandler
                0x08000350                TIM1_TRG_COM_IRQHandler
                0x08000350                Default_Handler
                0x08000350                CEC_IRQHandler
                0x08000350                EXTI15_10_IRQHandler
                0x08000350                TIM14_IRQHandler
                0x08000350                TIM13_IRQHandler
                0x08000350                TIM12_IRQHandler
                0x08000350                TIM7_IRQHandler
                0x08000350                CAN2_TX_IRQHandler
                0x08000350                TIM5_IRQHandler
                0x08000350                EXTI9_5_IRQHandler
                0x08000350                ETH_WKUP_IRQHandler
                0x08000350                SPI2_IRQHandler
                0x08000350                CAN1_TX_IRQHandler
                0x08000350                DMA2_Channel5_IRQHandler
                0x08000350                EXTI4_IRQHandler
                0x08000350                USB_LP_CAN1_RX0_IRQHandler
                0x08000350                TIM1_TRG_COM_TIM17_IRQHandler
                0x08000350                USB_HP_CAN1_TX_IRQHandler
                0x08000350                FSMC_IRQHandler
                0x08000350                ETH_IRQHandler
                0x08000350                TIM1_UP_IRQHandler
                0x08000350                WWDG_IRQHandler
                0x08000350                TIM2_IRQHandler
                0x08000350                OTG_FS_WKUP_IRQHandler
                0x08000350                TIM1_TRG_COM_TIM11_IRQHandler
                0x08000350                TIM1_BRK_IRQHandler
                0x08000350                EXTI1_IRQHandler
                0x08000350                RTCAlarm_IRQHandler
                0x08000350                DMA2_Channel4_5_IRQHandler
                0x08000350                USART2_IRQHandler
                0x08000350                I2C2_ER_IRQHandler
                0x08000350                TIM8_BRK_IRQHandler
                0x08000350                CAN1_SCE_IRQHandler
                0x08000350                FLASH_IRQHandler
                0x08000350                OTG_FS_IRQHandler
                0x08000350                SPI3_IRQHandler
                0x08000350                I2C1_ER_IRQHandler
                0x08000350                USBWakeUp_IRQHandler
                0x08000350                DMA2_Channel3_IRQHandler
                0x08000350                TIM1_BRK_TIM15_IRQHandler

.inits          0x08000354       0x28
                0x08000354                __data_regions_array_start = .
                0x08000354        0x4 LONG 0x80029bc LOADADDR (.data)
                0x08000358        0x4 LONG 0x20000000 ADDR (.data)
                0x0800035c        0x4 LONG 0x20000090 (ADDR (.data) + SIZEOF (.data))
                0x08000360        0x4 LONG 0x80029bc LOADADDR (.data_CCMRAM)
                0x08000364        0x4 LONG 0x0 ADDR (.data_CCMRAM)
                0x08000368        0x4 LONG 0x0 (ADDR (.data_CCMRAM) + SIZEOF (.data_CCMRAM))
                0x0800036c                __data_regions_array_end = .
                0x0800036c                __bss_regions_array_start = .
                0x0800036c        0x4 LONG 0x20000090 ADDR (.bss)
                0x08000370        0x4 LONG 0x200002ec (ADDR (.bss) + SIZEOF (.bss))
                0x08000374        0x4 LONG 0x0 ADDR (.bss_CCMRAM)
                0x08000378        0x4 LONG 0x0 (ADDR (.bss_CCMRAM) + SIZEOF (.bss_CCMRAM))
                0x0800037c                __bss_regions_array_end = .
 *(.init)
 *(.fini)
                0x0800037c                . = ALIGN (0x4)
                0x0800037c                PROVIDE (__preinit_array_start, .)
 *(.preinit_array_sysinit .preinit_array_sysinit.*)
 *(.preinit_array_platform .preinit_array_platform.*)
 *(.preinit_array .preinit_array.*)
                0x0800037c                PROVIDE (__preinit_array_end, .)
                0x0800037c                . = ALIGN (0x4)
                0x0800037c                PROVIDE (__init_array_start, .)
 *(SORT(.init_array.*))
 *(.init_array)
                0x0800037c                PROVIDE (__init_array_end, .)
                0x0800037c                . = ALIGN (0x4)
                0x0800037c                PROVIDE (__fini_array_start, .)
 *(SORT(.fini_array.*))
 *(.fini_array)
                0x0800037c                PROVIDE (__fini_array_end, .)

.flashtext
 *(.flashtext .flashtext.*)

.text           0x08000380     0x263b
 *(.text .text.*)
 .text._exit    0x08000380        0x4 ./system/src/newlib/_exit.o
                0x08000380                _exit
 .text._sbrk    0x08000384       0x44 ./system/src/newlib/_sbrk.o
                0x08000384                _sbrk
 .text.__initialize_args
                0x080003c8       0x10 ./system/src/newlib/_syscalls.o
                0x080003c8                __initialize_args
 .text.trace_printf
                0x080003d8       0x30 ./system/src/diag/Trace.o
                0x080003d8                trace_printf
 .text._trace_write_semihosting_debug
                0x08000408       0x64 ./system/src/diag/trace_impl.o
 .text.trace_write
                0x0800046c        0x8 ./system/src/diag/trace_impl.o
                0x0800046c                trace_write
 .text.__initialize_hardware_early
                0x08000474       0x18 ./system/src/cortexm/_initialize_hardware.o
                0x08000474                __initialize_hardware_early
 .text.__initialize_hardware
                0x0800048c        0x8 ./system/src/cortexm/_initialize_hardware.o
                0x0800048c                __initialize_hardware
 .text.dumpExceptionStack
                0x08000494       0xf0 ./system/src/cortexm/exception_handlers.o
                0x08000494                dumpExceptionStack
 .text.isSemihosting
                0x08000584       0x20 ./system/src/cortexm/exception_handlers.o
                0x08000584                isSemihosting
 .text.SetSysClockTo72
                0x080005a4       0xc4 ./system/src/cmsis/system_stm32f10x.o
 .text.SetSysClock
                0x08000668        0x8 ./system/src/cmsis/system_stm32f10x.o
 .text.SystemInit
                0x08000670       0x50 ./system/src/cmsis/system_stm32f10x.o
                0x08000670                SystemInit
 .text.SystemCoreClockUpdate
                0x080006c0       0x94 ./system/src/cmsis/system_stm32f10x.o
                0x080006c0                SystemCoreClockUpdate
 .text.TaskingInit
                0x08000754       0x2c ./src/System_tasks/tasks_cfg.o
                0x08000754                TaskingInit
 .text.setOSFlag
                0x08000780       0x10 ./src/RTOS/RTOS_program.o
 .text.schedular
                0x08000790       0x5c ./src/RTOS/RTOS_program.o
 .text.RTOS_init
                0x080007ec       0x5c ./src/RTOS/RTOS_program.o
                0x080007ec                RTOS_init
 .text.RTOS_start
                0x08000848       0x20 ./src/RTOS/RTOS_program.o
                0x08000848                RTOS_start
 .text.IsTransmissionComplete
                0x08000868        0x8 ./src/MCAL/USART/USART_program.o
 .text.IsDataRecieved
                0x08000870        0x8 ./src/MCAL/USART/USART_program.o
 .text.IsBreakRecieved
                0x08000878        0x8 ./src/MCAL/USART/USART_program.o
 .text.USART_voidTransIntStatus
                0x08000880        0xc ./src/MCAL/USART/USART_program.o
 .text.USART_voidRecIntStatus
                0x0800088c        0xc ./src/MCAL/USART/USART_program.o
 .text.USART_voidTCIntStatus
                0x08000898        0xc ./src/MCAL/USART/USART_program.o
 .text.USART_DMAEnable
                0x080008a4       0x1c ./src/MCAL/USART/USART_program.o
                0x080008a4                USART_DMAEnable
 .text.USART_u8RecDataAsync
                0x080008c0       0x3c ./src/MCAL/USART/USART_program.o
                0x080008c0                USART_u8RecDataAsync
 .text.USART_voidChangeStatus
                0x080008fc        0xc ./src/MCAL/USART/USART_program.o
                0x080008fc                USART_voidChangeStatus
 .text.USART_voidChangeTransStatus
                0x08000908        0xc ./src/MCAL/USART/USART_program.o
                0x08000908                USART_voidChangeTransStatus
 .text.USART_voidChangeRecStatus
                0x08000914        0xc ./src/MCAL/USART/USART_program.o
                0x08000914                USART_voidChangeRecStatus
 .text.USART_LINInit
                0x08000920       0x60 ./src/MCAL/USART/USART_program.o
                0x08000920                USART_LINInit
 .text.USART1_IRQHandler
                0x08000980      0x114 ./src/MCAL/USART/USART_program.o
                0x08000980                USART1_IRQHandler
 .text.set_TransmissionCompleteCB
                0x08000a94        0xc ./src/MCAL/USART/USART_program.o
                0x08000a94                set_TransmissionCompleteCB
 .text.set_LIN_BreakCB
                0x08000aa0       0x14 ./src/MCAL/USART/USART_program.o
                0x08000aa0                set_LIN_BreakCB
 .text.USART_DMASend
                0x08000ab4       0x58 ./src/MCAL/USART/USART_program.o
                0x08000ab4                USART_DMASend
 .text.USART_DMARecieve
                0x08000b0c       0x34 ./src/MCAL/USART/USART_program.o
                0x08000b0c                USART_DMARecieve
 .text.sysTick_init
                0x08000b40       0x1c ./src/MCAL/SysTick/STK_program.o
                0x08000b40                sysTick_init
 .text.sysTick_start
                0x08000b5c       0x1c ./src/MCAL/SysTick/STK_program.o
                0x08000b5c                sysTick_start
 .text.sysTick_setTime
                0x08000b78       0x10 ./src/MCAL/SysTick/STK_program.o
                0x08000b78                sysTick_setTime
 .text.sysTick_setcallback
                0x08000b88       0x14 ./src/MCAL/SysTick/STK_program.o
                0x08000b88                sysTick_setcallback
 .text.SysTick_Handler
                0x08000b9c       0x10 ./src/MCAL/SysTick/STK_program.o
                0x08000b9c                SysTick_Handler
 .text.RCC_u8ReadSystemClock
                0x08000bac       0x14 ./src/MCAL/RCC/RCC_program.o
                0x08000bac                RCC_u8ReadSystemClock
 .text.RCC_u8SwitchSystemClock
                0x08000bc0       0x14 ./src/MCAL/RCC/RCC_program.o
                0x08000bc0                RCC_u8SwitchSystemClock
 .text.RCC_Peripheral_Config
                0x08000bd4       0xa4 ./src/MCAL/RCC/RCC_program.o
                0x08000bd4                RCC_Peripheral_Config
 .text.RCC_u32ReadSystemFreq
                0x08000c78       0x84 ./src/MCAL/RCC/RCC_program.o
                0x08000c78                RCC_u32ReadSystemFreq
 .text.RCC_u32ReadAHBFreq
                0x08000cfc       0x8c ./src/MCAL/RCC/RCC_program.o
                0x08000cfc                RCC_u32ReadAHBFreq
 .text.RCC_u32ReadAPB2Freq
                0x08000d88       0x2c ./src/MCAL/RCC/RCC_program.o
                0x08000d88                RCC_u32ReadAPB2Freq
 .text.NVIC_EnableIRQ
                0x08000db4       0x2c ./src/MCAL/NVIC/NVIC_program.o
                0x08000db4                NVIC_EnableIRQ
 .text.get_TCFlagStatus
                0x08000de0       0x18 ./src/MCAL/DMA/DMA_program.o
 .text.get_HTCFlagStatus
                0x08000df8       0x18 ./src/MCAL/DMA/DMA_program.o
 .text.get_ERRFlagStatus
                0x08000e10       0x18 ./src/MCAL/DMA/DMA_program.o
 .text.clear_TCFlag
                0x08000e28       0x18 ./src/MCAL/DMA/DMA_program.o
 .text.clear_HTCFlag
                0x08000e40       0x18 ./src/MCAL/DMA/DMA_program.o
 .text.clear_ERRFlag
                0x08000e58       0x18 ./src/MCAL/DMA/DMA_program.o
 .text.DMA_voidInit
                0x08000e70       0x3c ./src/MCAL/DMA/DMA_program.o
                0x08000e70                DMA_voidInit
 .text.DMA_u8ChannelInit
                0x08000eac       0x40 ./src/MCAL/DMA/DMA_program.o
                0x08000eac                DMA_u8ChannelInit
 .text.DMA_voidStart
                0x08000eec       0xb0 ./src/MCAL/DMA/DMA_program.o
                0x08000eec                DMA_voidStart
 .text.set_ChannelX_TCHandler
                0x08000f9c       0x14 ./src/MCAL/DMA/DMA_program.o
                0x08000f9c                set_ChannelX_TCHandler
 .text.DMA1_Channel1_IRQHandler
                0x08000fb0       0x58 ./src/MCAL/DMA/DMA_program.o
                0x08000fb0                DMA1_Channel1_IRQHandler
 .text.DMA1_Channel2_IRQHandler
                0x08001008       0x58 ./src/MCAL/DMA/DMA_program.o
                0x08001008                DMA1_Channel2_IRQHandler
 .text.DMA1_Channel3_IRQHandler
                0x08001060       0x58 ./src/MCAL/DMA/DMA_program.o
                0x08001060                DMA1_Channel3_IRQHandler
 .text.DMA1_Channel4_IRQHandler
                0x080010b8       0xa0 ./src/MCAL/DMA/DMA_program.o
                0x080010b8                DMA1_Channel4_IRQHandler
 .text.DMA1_Channel5_IRQHandler
                0x08001158       0xa0 ./src/MCAL/DMA/DMA_program.o
                0x08001158                DMA1_Channel5_IRQHandler
 .text.DMA1_Channel6_IRQHandler
                0x080011f8       0x58 ./src/MCAL/DMA/DMA_program.o
                0x080011f8                DMA1_Channel6_IRQHandler
 .text.DMA1_Channel7_IRQHandler
                0x08001250       0x58 ./src/MCAL/DMA/DMA_program.o
                0x08001250                DMA1_Channel7_IRQHandler
 .text.DIO_SetPinMode
                0x080012a8       0x40 ./src/MCAL/DIO/DIO_program.o
                0x080012a8                DIO_SetPinMode
 .text.DIO_SetPinVal
                0x080012e8       0x24 ./src/MCAL/DIO/DIO_program.o
                0x080012e8                DIO_SetPinVal
 .text.GPIO_Config
                0x0800130c       0xe0 ./src/MCAL/DIO/DIO_program.o
                0x0800130c                GPIO_Config
 .text.QueueInit
                0x080013ec       0x14 ./src/LIB/Queue/queue.o
                0x080013ec                QueueInit
 .text.QueueIsEmpty
                0x08001400        0xc ./src/LIB/Queue/queue.o
                0x08001400                QueueIsEmpty
 .text.QueueIsFull
                0x0800140c       0x10 ./src/LIB/Queue/queue.o
                0x0800140c                QueueIsFull
 .text.Enqueue  0x0800141c       0x40 ./src/LIB/Queue/queue.o
                0x0800141c                Enqueue
 .text.Dequeue  0x0800145c       0x58 ./src/LIB/Queue/queue.o
                0x0800145c                Dequeue
 .text.USRTH_DMAEnable
                0x080014b4       0x18 ./src/HAL/USART_Handler/USRTH_program.o
                0x080014b4                USRTH_DMAEnable
 .text.switch_init
                0x080014cc       0x6c ./src/HAL/Switch/Switch_program.o
                0x080014cc                switch_init
 .text.Header_received
                0x08001538        0xc ./src/HAL/LIN/LIN_program.o
 .text.Response_received
                0x08001544        0xc ./src/HAL/LIN/LIN_program.o
 .text.Send_Checksum
                0x08001550       0x1c ./src/HAL/LIN/LIN_program.o
 .text.LIN_SlaveTask
                0x0800156c      0x1dc ./src/HAL/LIN/LIN_program.o
 .text.LIN_Break_detected
                0x08001748       0x2c ./src/HAL/LIN/LIN_program.o
 .text.LIN_REC_HEADER
                0x08001774       0x28 ./src/HAL/LIN/LIN_program.o
 .text.LIN_init
                0x0800179c       0x60 ./src/HAL/LIN/LIN_program.o
                0x0800179c                LIN_init
 .text.getSDU   0x080017fc       0x48 ./src/HAL/LIN/LIN_program.o
                0x080017fc                getSDU
 .text.setSDU   0x08001844       0x48 ./src/HAL/LIN/LIN_program.o
                0x08001844                setSDU
 .text.CLCD_voidSetDataPort
                0x0800188c       0x6c ./src/HAL/LCD/C_LCD_program.o
 .text.FSM_task5
                0x080018f8       0x30 ./src/HAL/LCD/C_LCD_program.o
 .text.FSM_task4
                0x08001928       0x30 ./src/HAL/LCD/C_LCD_program.o
 .text.FSM_task3
                0x08001958       0x30 ./src/HAL/LCD/C_LCD_program.o
 .text.FSM_task2
                0x08001988       0x14 ./src/HAL/LCD/C_LCD_program.o
 .text.FSM_task1
                0x0800199c       0x30 ./src/HAL/LCD/C_LCD_program.o
 .text.LCD_cursor_blinkingOff
                0x080019cc       0x50 ./src/HAL/LCD/C_LCD_program.o
 .text.LCD_cursor_blinkingOn
                0x08001a1c       0x50 ./src/HAL/LCD/C_LCD_program.o
 .text.LCD_cursor_moving
                0x08001a6c       0x7c ./src/HAL/LCD/C_LCD_program.o
 .text.LCD_wipe
                0x08001ae8       0x50 ./src/HAL/LCD/C_LCD_program.o
 .text.LCD_apply
                0x08001b38       0x78 ./src/HAL/LCD/C_LCD_program.o
 .text.FSM_init
                0x08001bb0       0x30 ./src/HAL/LCD/C_LCD_program.o
                0x08001bb0                FSM_init
 .text.LCD_OS_runnable
                0x08001be0       0x90 ./src/HAL/LCD/C_LCD_program.o
                0x08001be0                LCD_OS_runnable
 .text.CLCD_init
                0x08001c70       0x90 ./src/HAL/LCD/C_LCD_program.o
                0x08001c70                CLCD_init
 .text.LCD_OS_write
                0x08001d00       0x3c ./src/HAL/LCD/C_LCD_program.o
                0x08001d00                LCD_OS_write
 .text.LIN_APP_task
                0x08001d3c       0x54 ./src/Application/LIN_APP/LIN_APP.o
                0x08001d3c                LIN_APP_task
 .text.main     0x08001d90       0x54 ./src/Application/main.o
                0x08001d90                main
 .text.__errno  0x08001de4        0xc d:/iti/tourkey/arm_tourkey/arm tools iti/arm gcc/bin/../lib/gcc/arm-none-eabi/5.4.1/../../../../arm-none-eabi/lib/armv7-m\libg_nano.a(lib_a-errno.o)
                0x08001de4                __errno
 .text._vsnprintf_r
                0x08001df0       0x56 d:/iti/tourkey/arm_tourkey/arm tools iti/arm gcc/bin/../lib/gcc/arm-none-eabi/5.4.1/../../../../arm-none-eabi/lib/armv7-m\libg_nano.a(lib_a-vsnprintf.o)
                0x08001df0                _vsniprintf_r
                0x08001df0                _vsnprintf_r
 *fill*         0x08001e46        0x2 
 .text.vsnprintf
                0x08001e48       0x1c d:/iti/tourkey/arm_tourkey/arm tools iti/arm gcc/bin/../lib/gcc/arm-none-eabi/5.4.1/../../../../arm-none-eabi/lib/armv7-m\libg_nano.a(lib_a-vsnprintf.o)
                0x08001e48                vsniprintf
                0x08001e48                vsnprintf
 .text.__ssputs_r
                0x08001e64       0xb2 d:/iti/tourkey/arm_tourkey/arm tools iti/arm gcc/bin/../lib/gcc/arm-none-eabi/5.4.1/../../../../arm-none-eabi/lib/armv7-m\libg_nano.a(lib_a-nano-svfprintf.o)
                0x08001e64                __ssputs_r
 *fill*         0x08001f16        0x2 
 .text._svfprintf_r
                0x08001f18      0x1e8 d:/iti/tourkey/arm_tourkey/arm tools iti/arm gcc/bin/../lib/gcc/arm-none-eabi/5.4.1/../../../../arm-none-eabi/lib/armv7-m\libg_nano.a(lib_a-nano-svfprintf.o)
                0x08001f18                _svfiprintf_r
                0x08001f18                _svfprintf_r
 .text._printf_common
                0x08002100       0xec d:/iti/tourkey/arm_tourkey/arm tools iti/arm gcc/bin/../lib/gcc/arm-none-eabi/5.4.1/../../../../arm-none-eabi/lib/armv7-m\libg_nano.a(lib_a-nano-vfprintf_i.o)
                0x08002100                _printf_common
 .text._printf_i
                0x080021ec      0x24c d:/iti/tourkey/arm_tourkey/arm tools iti/arm gcc/bin/../lib/gcc/arm-none-eabi/5.4.1/../../../../arm-none-eabi/lib/armv7-m\libg_nano.a(lib_a-nano-vfprintf_i.o)
                0x080021ec                _printf_i
 .text.memchr   0x08002438       0x1c d:/iti/tourkey/arm_tourkey/arm tools iti/arm gcc/bin/../lib/gcc/arm-none-eabi/5.4.1/../../../../arm-none-eabi/lib/armv7-m\libg_nano.a(lib_a-memchr-stub.o)
                0x08002438                memchr
 .text.memcpy   0x08002454       0x16 d:/iti/tourkey/arm_tourkey/arm tools iti/arm gcc/bin/../lib/gcc/arm-none-eabi/5.4.1/../../../../arm-none-eabi/lib/armv7-m\libg_nano.a(lib_a-memcpy-stub.o)
                0x08002454                memcpy
 .text.memmove  0x0800246a       0x36 d:/iti/tourkey/arm_tourkey/arm tools iti/arm gcc/bin/../lib/gcc/arm-none-eabi/5.4.1/../../../../arm-none-eabi/lib/armv7-m\libg_nano.a(lib_a-memmove.o)
                0x0800246a                memmove
 .text._free_r  0x080024a0       0x98 d:/iti/tourkey/arm_tourkey/arm tools iti/arm gcc/bin/../lib/gcc/arm-none-eabi/5.4.1/../../../../arm-none-eabi/lib/armv7-m\libg_nano.a(lib_a-nano-freer.o)
                0x080024a0                _free_r
 .text._malloc_r
                0x08002538       0xbc d:/iti/tourkey/arm_tourkey/arm tools iti/arm gcc/bin/../lib/gcc/arm-none-eabi/5.4.1/../../../../arm-none-eabi/lib/armv7-m\libg_nano.a(lib_a-nano-mallocr.o)
                0x08002538                _malloc_r
 .text._realloc_r
                0x080025f4       0x4c d:/iti/tourkey/arm_tourkey/arm tools iti/arm gcc/bin/../lib/gcc/arm-none-eabi/5.4.1/../../../../arm-none-eabi/lib/armv7-m\libg_nano.a(lib_a-nano-reallocr.o)
                0x080025f4                _realloc_r
 .text._sbrk_r  0x08002640       0x20 d:/iti/tourkey/arm_tourkey/arm tools iti/arm gcc/bin/../lib/gcc/arm-none-eabi/5.4.1/../../../../arm-none-eabi/lib/armv7-m\libg_nano.a(lib_a-sbrkr.o)
                0x08002640                _sbrk_r
 .text.__malloc_lock
                0x08002660        0x2 d:/iti/tourkey/arm_tourkey/arm tools iti/arm gcc/bin/../lib/gcc/arm-none-eabi/5.4.1/../../../../arm-none-eabi/lib/armv7-m\libg_nano.a(lib_a-mlock.o)
                0x08002660                __malloc_lock
 .text.__malloc_unlock
                0x08002662        0x2 d:/iti/tourkey/arm_tourkey/arm tools iti/arm gcc/bin/../lib/gcc/arm-none-eabi/5.4.1/../../../../arm-none-eabi/lib/armv7-m\libg_nano.a(lib_a-mlock.o)
                0x08002662                __malloc_unlock
 .text._malloc_usable_size_r
                0x08002664       0x14 d:/iti/tourkey/arm_tourkey/arm tools iti/arm gcc/bin/../lib/gcc/arm-none-eabi/5.4.1/../../../../arm-none-eabi/lib/armv7-m\libg_nano.a(lib_a-nano-msizer.o)
                0x08002664                _malloc_usable_size_r
 *(.rodata .rodata.* .constdata .constdata.*)
 .rodata.str1.4
                0x08002678      0x146 ./system/src/cortexm/exception_handlers.o
 *fill*         0x080027be        0x2 
 .rodata.str1.4
                0x080027c0       0x2b ./src/MCAL/USART/USART_program.o
 *fill*         0x080027eb        0x1 
 .rodata.str1.4
                0x080027ec       0x99 ./src/MCAL/DMA/DMA_program.o
 *fill*         0x08002885        0x3 
 .rodata.switchMap
                0x08002888       0x3c ./src/HAL/Switch/Switch_cfg.o
                0x08002888                switchMap
 .rodata.PID_map
                0x080028c4       0x3c ./src/HAL/LIN/LIN_cfg.o
                0x080028c4                PID_map
 .rodata.LIN_cfg_Arr
                0x08002900        0xc ./src/HAL/LIN/LIN_cfg.o
                0x08002900                LIN_cfg_Arr
 *fill*         0x0800290c        0x4 
 .rodata        0x08002910       0x18 ./src/HAL/LIN/LIN_program.o
 .rodata.Slave_task
                0x08002928        0x8 ./src/HAL/LIN/LIN_program.o
                0x08002928                Slave_task
 .rodata.handlers
                0x08002930       0x20 ./src/HAL/LCD/C_LCD_program.o
 .rodata.LCD_Task
                0x08002950        0x8 ./src/HAL/LCD/C_LCD_program.o
                0x08002950                LCD_Task
 .rodata.LCD_handlers
                0x08002958       0x14 ./src/HAL/LCD/C_LCD_program.o
 .rodata        0x0800296c        0x2 ./src/Application/LIN_APP/LIN_APP.o
 *fill*         0x0800296e        0x2 
 .rodata.str1.4
                0x08002970       0x10 ./src/Application/LIN_APP/LIN_APP.o
                                  0xe (size before relaxing)
 .rodata.LIN_demo
                0x08002980        0x8 ./src/Application/LIN_APP/LIN_APP.o
                0x08002980                LIN_demo
 .rodata.str1.1
                0x08002988       0x11 d:/iti/tourkey/arm_tourkey/arm tools iti/arm gcc/bin/../lib/gcc/arm-none-eabi/5.4.1/../../../../arm-none-eabi/lib/armv7-m\libg_nano.a(lib_a-nano-svfprintf.o)
 .rodata.str1.1
                0x08002999       0x22 d:/iti/tourkey/arm_tourkey/arm tools iti/arm gcc/bin/../lib/gcc/arm-none-eabi/5.4.1/../../../../arm-none-eabi/lib/armv7-m\libg_nano.a(lib_a-nano-vfprintf_i.o)
 *(vtable)
 *(.eh_frame*)
 *(.glue_7)
 .glue_7        0x080029bb        0x0 linker stubs
 *(.glue_7t)
 .glue_7t       0x080029bb        0x0 linker stubs

.vfp11_veneer   0x080029bc        0x0
 .vfp11_veneer  0x080029bc        0x0 linker stubs

.v4_bx          0x080029bc        0x0
 .v4_bx         0x080029bc        0x0 linker stubs

.iplt           0x080029bc        0x0
 .iplt          0x080029bc        0x0 ./system/src/stm32f1-stdperiph/misc.o

.rel.dyn        0x080029bc        0x0
 .rel.iplt      0x080029bc        0x0 ./system/src/stm32f1-stdperiph/misc.o

.ARM.extab
 *(.ARM.extab* .gnu.linkonce.armextab.*)
                0x080029bc                . = ALIGN (0x4)
                0x080029bc                __exidx_start = .

.ARM.exidx
 *(.ARM.exidx* .gnu.linkonce.armexidx.*)
                0x080029bc                __exidx_end = .
                0x080029bc                . = ALIGN (0x4)
                0x080029bc                _etext = .
                0x080029bc                __etext = .

.data_CCMRAM    0x00000000        0x0 load address 0x080029bc
 FILL mask 0xff
 *(.data.CCMRAM .data.CCMRAM.*)
                0x00000000                . = ALIGN (0x4)
                0x080029bc                _sidata = LOADADDR (.data)

.data           0x20000000       0x90 load address 0x080029bc
 FILL mask 0xff
                0x20000000                _sdata = .
                0x20000000                __data_start__ = .
 *(.data_begin .data_begin.*)
 .data_begin    0x20000000        0x4 ./system/src/newlib/_startup.o
 *(.data .data.*)
 .data.argv.4290
                0x20000004        0x8 ./system/src/newlib/_syscalls.o
 .data.AHBPrescTable
                0x2000000c       0x10 ./system/src/cmsis/system_stm32f10x.o
                0x2000000c                AHBPrescTable
 .data.SystemCoreClock
                0x2000001c        0x4 ./system/src/cmsis/system_stm32f10x.o
                0x2000001c                SystemCoreClock
 .data.LIN_USART
                0x20000020        0x4 ./src/HAL/LIN/LIN_program.o
 .data.steps    0x20000024        0x1 ./src/HAL/LCD/C_LCD_program.o
 *fill*         0x20000025        0x3 ff
 .data.impure_data
                0x20000028       0x60 d:/iti/tourkey/arm_tourkey/arm tools iti/arm gcc/bin/../lib/gcc/arm-none-eabi/5.4.1/../../../../arm-none-eabi/lib/armv7-m\libg_nano.a(lib_a-impure.o)
 .data._impure_ptr
                0x20000088        0x4 d:/iti/tourkey/arm_tourkey/arm tools iti/arm gcc/bin/../lib/gcc/arm-none-eabi/5.4.1/../../../../arm-none-eabi/lib/armv7-m\libg_nano.a(lib_a-impure.o)
                0x20000088                _impure_ptr
 *(.data_end .data_end.*)
 .data_end      0x2000008c        0x4 ./system/src/newlib/_startup.o
                0x20000090                . = ALIGN (0x4)
                0x20000090                _edata = .
                0x20000090                __data_end__ = .

.igot.plt       0x20000090        0x0 load address 0x08002a4c
 .igot.plt      0x20000090        0x0 ./system/src/stm32f1-stdperiph/misc.o

.bss_CCMRAM     0x00000000        0x0
 *(.bss.CCMRAM .bss.CCMRAM.*)

.bss            0x20000090      0x25c
                0x20000090                __bss_start__ = .
                0x20000090                _sbss = .
 *(.bss_begin .bss_begin.*)
 .bss_begin     0x20000090        0x4 ./system/src/newlib/_startup.o
 *(.bss .bss.*)
 .bss.current_heap_end.3974
                0x20000094        0x4 ./system/src/newlib/_sbrk.o
 .bss.name.4289
                0x20000098        0x1 ./system/src/newlib/_syscalls.o
 *fill*         0x20000099        0x3 
 .bss.buf.5179  0x2000009c       0x80 ./system/src/diag/Trace.o
 .bss.sysTask   0x2000011c       0x30 ./src/RTOS/RTOS_program.o
 .bss.index     0x2000014c        0x4 ./src/RTOS/RTOS_program.o
 .bss.txbuffer  0x20000150       0x18 ./src/MCAL/USART/USART_program.o
 .bss.DMA_CB    0x20000168        0x4 ./src/MCAL/USART/USART_program.o
 .bss.Sending_Mode
                0x2000016c        0x4 ./src/MCAL/USART/USART_program.o
 .bss.USART_DMAState
                0x20000170        0x1 ./src/MCAL/USART/USART_program.o
                0x20000170                USART_DMAState
 *fill*         0x20000171        0x3 
 .bss.LIN_break_CB
                0x20000174        0x4 ./src/MCAL/USART/USART_program.o
 .bss.rxbuffer  0x20000178       0x18 ./src/MCAL/USART/USART_program.o
 .bss.callBack  0x20000190        0x4 ./src/MCAL/SysTick/STK_program.o
 .bss.x.3904    0x20000194        0x4 ./src/MCAL/DMA/DMA_program.o
 .bss.CB_Handlers
                0x20000198       0x54 ./src/MCAL/DMA/DMA_program.o
 .bss.x.3912    0x200001ec        0x4 ./src/MCAL/DMA/DMA_program.o
 .bss.LIN_databuffer
                0x200001f0       0x18 ./src/HAL/LIN/LIN_program.o
 .bss.checksum  0x20000208        0x1 ./src/HAL/LIN/LIN_program.o
 .bss.LIN_slaveStatus
                0x20000209        0x1 ./src/HAL/LIN/LIN_program.o
 .bss.LIN_masterStatus
                0x2000020a        0x1 ./src/HAL/LIN/LIN_program.o
 *fill*         0x2000020b        0x1 
 .bss.Local_buffer.3985
                0x2000020c        0x9 ./src/HAL/LIN/LIN_program.o
 .bss.dataLength.3986
                0x20000215        0x1 ./src/HAL/LIN/LIN_program.o
 *fill*         0x20000216        0x2 
 .bss.Slave_Header
                0x20000218        0x2 ./src/HAL/LIN/LIN_program.o
 *fill*         0x2000021a        0x2 
 .bss.Queue     0x2000021c        0x8 ./src/HAL/LCD/C_LCD_program.o
 .bss.index.3839
                0x20000224        0x1 ./src/HAL/LCD/C_LCD_program.o
 .bss.FSM_Complete
                0x20000225        0x1 ./src/HAL/LCD/C_LCD_program.o
 *fill*         0x20000226        0x2 
 .bss.taskInfo  0x20000228       0x78 ./src/HAL/LCD/C_LCD_program.o
 .bss.CurrentTask
                0x200002a0        0xc ./src/HAL/LCD/C_LCD_program.o
 .bss.LCD_index
                0x200002ac        0x1 ./src/HAL/LCD/C_LCD_program.o
 *fill*         0x200002ad        0x3 
 .bss.__malloc_sbrk_start
                0x200002b0        0x4 d:/iti/tourkey/arm_tourkey/arm tools iti/arm gcc/bin/../lib/gcc/arm-none-eabi/5.4.1/../../../../arm-none-eabi/lib/armv7-m\libg_nano.a(lib_a-nano-mallocr.o)
                0x200002b0                __malloc_sbrk_start
 .bss.__malloc_free_list
                0x200002b4        0x4 d:/iti/tourkey/arm_tourkey/arm tools iti/arm gcc/bin/../lib/gcc/arm-none-eabi/5.4.1/../../../../arm-none-eabi/lib/armv7-m\libg_nano.a(lib_a-nano-mallocr.o)
                0x200002b4                __malloc_free_list
 *(COMMON)
 COMMON         0x200002b8        0x4 ./system/src/newlib/_syscalls.o
                0x200002b8                errno
 COMMON         0x200002bc       0x18 ./src/System_tasks/tasks_cfg.o
                0x200002bc                baseTaskInfo
 COMMON         0x200002d4        0x1 ./src/RTOS/RTOS_program.o
                0x200002d4                OSFlag
 *fill*         0x200002d5        0x3 
 COMMON         0x200002d8        0xf ./src/MCAL/DMA/DMA_program.o
                0x200002d8                Channel_AlwaysBusy
                0x200002e0                Channel_States
 *(.bss_end .bss_end.*)
 *fill*         0x200002e7        0x1 
 .bss_end       0x200002e8        0x4 ./system/src/newlib/_startup.o
                0x200002ec                . = ALIGN (0x4)
                0x200002ec                __bss_end__ = .
                0x200002ec                _ebss = .

.noinit_CCMRAM
 *(.noinit.CCMRAM .noinit.CCMRAM.*)

.noinit         0x200002ec        0x0
                0x200002ec                _noinit = .
 *(.noinit .noinit.*)
                0x200002ec                . = ALIGN (0x4)
                0x200002ec                _end_noinit = .
                [!provide]                PROVIDE (end, _end_noinit)
                [!provide]                PROVIDE (_end, _end_noinit)
                [!provide]                PROVIDE (__end, _end_noinit)
                [!provide]                PROVIDE (__end__, _end_noinit)

._check_stack   0x200002ec      0x100
                0x200003ec                . = (. + _Minimum_Stack_Size)
 *fill*         0x200002ec      0x100 

.b1text
 *(.b1text)
 *(.b1rodata)
 *(.b1rodata.*)

.eb0text
 *(.eb0text)
 *(.eb0rodata)
 *(.eb0rodata.*)

.eb1text
 *(.eb1text)
 *(.eb1rodata)
 *(.eb1rodata.*)

.eb2text
 *(.eb2text)
 *(.eb2rodata)
 *(.eb2rodata.*)

.eb3text
 *(.eb3text)
 *(.eb3rodata)
 *(.eb3rodata.*)

.stab
 *(.stab)

.stabstr
 *(.stabstr)

.stab.excl
 *(.stab.excl)

.stab.exclstr
 *(.stab.exclstr)

.stab.index
 *(.stab.index)

.stab.indexstr
 *(.stab.indexstr)

.comment        0x00000000       0x6e
 *(.comment)
 .comment       0x00000000       0x6e ./system/src/newlib/_exit.o
                                 0x6f (size before relaxing)
 .comment       0x0000006e       0x6f ./system/src/newlib/_sbrk.o
 .comment       0x0000006e       0x6f ./system/src/newlib/_startup.o
 .comment       0x0000006e       0x6f ./system/src/newlib/_syscalls.o
 .comment       0x0000006e       0x6f ./system/src/diag/Trace.o
 .comment       0x0000006e       0x6f ./system/src/diag/trace_impl.o
 .comment       0x0000006e       0x6f ./system/src/cortexm/_initialize_hardware.o
 .comment       0x0000006e       0x6f ./system/src/cortexm/exception_handlers.o
 .comment       0x0000006e       0x6f ./system/src/cmsis/system_stm32f10x.o
 .comment       0x0000006e       0x6f ./system/src/cmsis/vectors_stm32f10x.o
 .comment       0x0000006e       0x6f ./src/System_tasks/tasks_cfg.o
 .comment       0x0000006e       0x6f ./src/RTOS/RTOS_program.o
 .comment       0x0000006e       0x6f ./src/MCAL/USART/USART_program.o
 .comment       0x0000006e       0x6f ./src/MCAL/SysTick/STK_program.o
 .comment       0x0000006e       0x6f ./src/MCAL/RCC/RCC_program.o
 .comment       0x0000006e       0x6f ./src/MCAL/NVIC/NVIC_program.o
 .comment       0x0000006e       0x6f ./src/MCAL/DMA/DMA_program.o
 .comment       0x0000006e       0x6f ./src/MCAL/DIO/DIO_program.o
 .comment       0x0000006e       0x6f ./src/LIB/Queue/queue.o
 .comment       0x0000006e       0x6f ./src/HAL/USART_Handler/USRTH_program.o
 .comment       0x0000006e       0x6f ./src/HAL/Switch/Switch_cfg.o
 .comment       0x0000006e       0x6f ./src/HAL/Switch/Switch_program.o
 .comment       0x0000006e       0x6f ./src/HAL/LIN/LIN_cfg.o
 .comment       0x0000006e       0x6f ./src/HAL/LIN/LIN_program.o
 .comment       0x0000006e       0x6f ./src/HAL/LCD/C_LCD_program.o
 .comment       0x0000006e       0x6f ./src/Application/LIN_APP/LIN_APP.o
 .comment       0x0000006e       0x6f ./src/Application/main.o

.ARM.attributes
                0x00000000       0x31
 .ARM.attributes
                0x00000000       0x33 ./system/src/newlib/_exit.o
 .ARM.attributes
                0x00000033       0x33 ./system/src/newlib/_sbrk.o
 .ARM.attributes
                0x00000066       0x33 ./system/src/newlib/_startup.o
 .ARM.attributes
                0x00000099       0x33 ./system/src/newlib/_syscalls.o
 .ARM.attributes
                0x000000cc       0x33 ./system/src/diag/Trace.o
 .ARM.attributes
                0x000000ff       0x33 ./system/src/diag/trace_impl.o
 .ARM.attributes
                0x00000132       0x33 ./system/src/cortexm/_initialize_hardware.o
 .ARM.attributes
                0x00000165       0x33 ./system/src/cortexm/exception_handlers.o
 .ARM.attributes
                0x00000198       0x33 ./system/src/cmsis/system_stm32f10x.o
 .ARM.attributes
                0x000001cb       0x33 ./system/src/cmsis/vectors_stm32f10x.o
 .ARM.attributes
                0x000001fe       0x33 ./src/System_tasks/tasks_cfg.o
 .ARM.attributes
                0x00000231       0x33 ./src/RTOS/RTOS_program.o
 .ARM.attributes
                0x00000264       0x33 ./src/MCAL/USART/USART_program.o
 .ARM.attributes
                0x00000297       0x33 ./src/MCAL/SysTick/STK_program.o
 .ARM.attributes
                0x000002ca       0x33 ./src/MCAL/RCC/RCC_program.o
 .ARM.attributes
                0x000002fd       0x33 ./src/MCAL/NVIC/NVIC_program.o
 .ARM.attributes
                0x00000330       0x33 ./src/MCAL/DMA/DMA_program.o
 .ARM.attributes
                0x00000363       0x33 ./src/MCAL/DIO/DIO_program.o
 .ARM.attributes
                0x00000396       0x33 ./src/LIB/Queue/queue.o
 .ARM.attributes
                0x000003c9       0x33 ./src/HAL/USART_Handler/USRTH_program.o
 .ARM.attributes
                0x000003fc       0x33 ./src/HAL/Switch/Switch_cfg.o
 .ARM.attributes
                0x0000042f       0x33 ./src/HAL/Switch/Switch_program.o
 .ARM.attributes
                0x00000462       0x33 ./src/HAL/LIN/LIN_cfg.o
 .ARM.attributes
                0x00000495       0x33 ./src/HAL/LIN/LIN_program.o
 .ARM.attributes
                0x000004c8       0x33 ./src/HAL/LCD/C_LCD_program.o
 .ARM.attributes
                0x000004fb       0x33 ./src/Application/LIN_APP/LIN_APP.o
 .ARM.attributes
                0x0000052e       0x33 ./src/Application/main.o
 .ARM.attributes
                0x00000561       0x2d d:/iti/tourkey/arm_tourkey/arm tools iti/arm gcc/bin/../lib/gcc/arm-none-eabi/5.4.1/../../../../arm-none-eabi/lib/armv7-m\libg_nano.a(lib_a-errno.o)
 .ARM.attributes
                0x0000058e       0x2d d:/iti/tourkey/arm_tourkey/arm tools iti/arm gcc/bin/../lib/gcc/arm-none-eabi/5.4.1/../../../../arm-none-eabi/lib/armv7-m\libg_nano.a(lib_a-impure.o)
 .ARM.attributes
                0x000005bb       0x2d d:/iti/tourkey/arm_tourkey/arm tools iti/arm gcc/bin/../lib/gcc/arm-none-eabi/5.4.1/../../../../arm-none-eabi/lib/armv7-m\libg_nano.a(lib_a-vsnprintf.o)
 .ARM.attributes
                0x000005e8       0x2d d:/iti/tourkey/arm_tourkey/arm tools iti/arm gcc/bin/../lib/gcc/arm-none-eabi/5.4.1/../../../../arm-none-eabi/lib/armv7-m\libg_nano.a(lib_a-nano-svfprintf.o)
 .ARM.attributes
                0x00000615       0x2d d:/iti/tourkey/arm_tourkey/arm tools iti/arm gcc/bin/../lib/gcc/arm-none-eabi/5.4.1/../../../../arm-none-eabi/lib/armv7-m\libg_nano.a(lib_a-nano-vfprintf_i.o)
 .ARM.attributes
                0x00000642       0x2d d:/iti/tourkey/arm_tourkey/arm tools iti/arm gcc/bin/../lib/gcc/arm-none-eabi/5.4.1/../../../../arm-none-eabi/lib/armv7-m\libg_nano.a(lib_a-memchr-stub.o)
 .ARM.attributes
                0x0000066f       0x2d d:/iti/tourkey/arm_tourkey/arm tools iti/arm gcc/bin/../lib/gcc/arm-none-eabi/5.4.1/../../../../arm-none-eabi/lib/armv7-m\libg_nano.a(lib_a-memcpy-stub.o)
 .ARM.attributes
                0x0000069c       0x2d d:/iti/tourkey/arm_tourkey/arm tools iti/arm gcc/bin/../lib/gcc/arm-none-eabi/5.4.1/../../../../arm-none-eabi/lib/armv7-m\libg_nano.a(lib_a-memmove.o)
 .ARM.attributes
                0x000006c9       0x2d d:/iti/tourkey/arm_tourkey/arm tools iti/arm gcc/bin/../lib/gcc/arm-none-eabi/5.4.1/../../../../arm-none-eabi/lib/armv7-m\libg_nano.a(lib_a-nano-freer.o)
 .ARM.attributes
                0x000006f6       0x2d d:/iti/tourkey/arm_tourkey/arm tools iti/arm gcc/bin/../lib/gcc/arm-none-eabi/5.4.1/../../../../arm-none-eabi/lib/armv7-m\libg_nano.a(lib_a-nano-mallocr.o)
 .ARM.attributes
                0x00000723       0x2d d:/iti/tourkey/arm_tourkey/arm tools iti/arm gcc/bin/../lib/gcc/arm-none-eabi/5.4.1/../../../../arm-none-eabi/lib/armv7-m\libg_nano.a(lib_a-nano-reallocr.o)
 .ARM.attributes
                0x00000750       0x2d d:/iti/tourkey/arm_tourkey/arm tools iti/arm gcc/bin/../lib/gcc/arm-none-eabi/5.4.1/../../../../arm-none-eabi/lib/armv7-m\libg_nano.a(lib_a-sbrkr.o)
 .ARM.attributes
                0x0000077d       0x2d d:/iti/tourkey/arm_tourkey/arm tools iti/arm gcc/bin/../lib/gcc/arm-none-eabi/5.4.1/../../../../arm-none-eabi/lib/armv7-m\libg_nano.a(lib_a-mlock.o)
 .ARM.attributes
                0x000007aa       0x2d d:/iti/tourkey/arm_tourkey/arm tools iti/arm gcc/bin/../lib/gcc/arm-none-eabi/5.4.1/../../../../arm-none-eabi/lib/armv7-m\libg_nano.a(lib_a-nano-msizer.o)

.debug
 *(.debug)

.line
 *(.line)

.debug_srcinfo
 *(.debug_srcinfo)

.debug_sfnames
 *(.debug_sfnames)

.debug_aranges  0x00000000      0x8a0
 *(.debug_aranges)
 .debug_aranges
                0x00000000       0x28 ./system/src/newlib/_exit.o
 .debug_aranges
                0x00000028       0x20 ./system/src/newlib/_sbrk.o
 .debug_aranges
                0x00000048       0x40 ./system/src/newlib/_startup.o
 .debug_aranges
                0x00000088       0x30 ./system/src/newlib/_syscalls.o
 .debug_aranges
                0x000000b8       0x38 ./system/src/diag/Trace.o
 .debug_aranges
                0x000000f0       0x30 ./system/src/diag/trace_impl.o
 .debug_aranges
                0x00000120       0x28 ./system/src/cortexm/_initialize_hardware.o
 .debug_aranges
                0x00000148       0x90 ./system/src/cortexm/exception_handlers.o
 .debug_aranges
                0x000001d8       0x38 ./system/src/cmsis/system_stm32f10x.o
 .debug_aranges
                0x00000210       0x20 ./system/src/cmsis/vectors_stm32f10x.o
 .debug_aranges
                0x00000230       0x20 ./src/System_tasks/tasks_cfg.o
 .debug_aranges
                0x00000250       0x40 ./src/RTOS/RTOS_program.o
 .debug_aranges
                0x00000290       0xc0 ./src/MCAL/USART/USART_program.o
 .debug_aranges
                0x00000350       0x48 ./src/MCAL/SysTick/STK_program.o
 .debug_aranges
                0x00000398       0x98 ./src/MCAL/RCC/RCC_program.o
 .debug_aranges
                0x00000430       0x88 ./src/MCAL/NVIC/NVIC_program.o
 .debug_aranges
                0x000004b8       0xc8 ./src/MCAL/DMA/DMA_program.o
 .debug_aranges
                0x00000580       0x40 ./src/MCAL/DIO/DIO_program.o
 .debug_aranges
                0x000005c0       0x40 ./src/LIB/Queue/queue.o
 .debug_aranges
                0x00000600       0x88 ./src/HAL/USART_Handler/USRTH_program.o
 .debug_aranges
                0x00000688       0x18 ./src/HAL/Switch/Switch_cfg.o
 .debug_aranges
                0x000006a0       0x30 ./src/HAL/Switch/Switch_program.o
 .debug_aranges
                0x000006d0       0x18 ./src/HAL/LIN/LIN_cfg.o
 .debug_aranges
                0x000006e8       0x70 ./src/HAL/LIN/LIN_program.o
 .debug_aranges
                0x00000758      0x108 ./src/HAL/LCD/C_LCD_program.o
 .debug_aranges
                0x00000860       0x20 ./src/Application/LIN_APP/LIN_APP.o
 .debug_aranges
                0x00000880       0x20 ./src/Application/main.o

.debug_pubnames
 *(.debug_pubnames)

.debug_info     0x00000000     0x7408
 *(.debug_info .gnu.linkonce.wi.*)
 .debug_info    0x00000000       0xef ./system/src/newlib/_exit.o
 .debug_info    0x000000ef      0x11f ./system/src/newlib/_sbrk.o
 .debug_info    0x0000020e      0x455 ./system/src/newlib/_startup.o
 .debug_info    0x00000663      0x1c7 ./system/src/newlib/_syscalls.o
 .debug_info    0x0000082a      0x2e7 ./system/src/diag/Trace.o
 .debug_info    0x00000b11      0x30b ./system/src/diag/trace_impl.o
 .debug_info    0x00000e1c      0x2b1 ./system/src/cortexm/_initialize_hardware.o
 .debug_info    0x000010cd      0x8da ./system/src/cortexm/exception_handlers.o
 .debug_info    0x000019a7      0x497 ./system/src/cmsis/system_stm32f10x.o
 .debug_info    0x00001e3e       0xd1 ./system/src/cmsis/vectors_stm32f10x.o
 .debug_info    0x00001f0f      0x119 ./src/System_tasks/tasks_cfg.o
 .debug_info    0x00002028      0x299 ./src/RTOS/RTOS_program.o
 .debug_info    0x000022c1      0xa6e ./src/MCAL/USART/USART_program.o
 .debug_info    0x00002d2f      0x1aa ./src/MCAL/SysTick/STK_program.o
 .debug_info    0x00002ed9      0x51d ./src/MCAL/RCC/RCC_program.o
 .debug_info    0x000033f6      0x417 ./src/MCAL/NVIC/NVIC_program.o
 .debug_info    0x0000380d      0xb0d ./src/MCAL/DMA/DMA_program.o
 .debug_info    0x0000431a      0x2c8 ./src/MCAL/DIO/DIO_program.o
 .debug_info    0x000045e2      0x255 ./src/LIB/Queue/queue.o
 .debug_info    0x00004837      0x937 ./src/HAL/USART_Handler/USRTH_program.o
 .debug_info    0x0000516e      0x14e ./src/HAL/Switch/Switch_cfg.o
 .debug_info    0x000052bc      0x2e6 ./src/HAL/Switch/Switch_program.o
 .debug_info    0x000055a2       0xe1 ./src/HAL/LIN/LIN_cfg.o
 .debug_info    0x00005683      0x7ed ./src/HAL/LIN/LIN_program.o
 .debug_info    0x00005e70     0x119c ./src/HAL/LCD/C_LCD_program.o
 .debug_info    0x0000700c      0x1d7 ./src/Application/LIN_APP/LIN_APP.o
 .debug_info    0x000071e3      0x225 ./src/Application/main.o

.debug_abbrev   0x00000000     0x24a6
 *(.debug_abbrev)
 .debug_abbrev  0x00000000       0x8e ./system/src/newlib/_exit.o
 .debug_abbrev  0x0000008e       0xb9 ./system/src/newlib/_sbrk.o
 .debug_abbrev  0x00000147      0x1ac ./system/src/newlib/_startup.o
 .debug_abbrev  0x000002f3       0xec ./system/src/newlib/_syscalls.o
 .debug_abbrev  0x000003df      0x156 ./system/src/diag/Trace.o
 .debug_abbrev  0x00000535      0x1c8 ./system/src/diag/trace_impl.o
 .debug_abbrev  0x000006fd       0xea ./system/src/cortexm/_initialize_hardware.o
 .debug_abbrev  0x000007e7      0x247 ./system/src/cortexm/exception_handlers.o
 .debug_abbrev  0x00000a2e      0x159 ./system/src/cmsis/system_stm32f10x.o
 .debug_abbrev  0x00000b87       0x9d ./system/src/cmsis/vectors_stm32f10x.o
 .debug_abbrev  0x00000c24       0xbb ./src/System_tasks/tasks_cfg.o
 .debug_abbrev  0x00000cdf      0x19a ./src/RTOS/RTOS_program.o
 .debug_abbrev  0x00000e79      0x274 ./src/MCAL/USART/USART_program.o
 .debug_abbrev  0x000010ed      0x10d ./src/MCAL/SysTick/STK_program.o
 .debug_abbrev  0x000011fa      0x173 ./src/MCAL/RCC/RCC_program.o
 .debug_abbrev  0x0000136d      0x14e ./src/MCAL/NVIC/NVIC_program.o
 .debug_abbrev  0x000014bb      0x21d ./src/MCAL/DMA/DMA_program.o
 .debug_abbrev  0x000016d8      0x137 ./src/MCAL/DIO/DIO_program.o
 .debug_abbrev  0x0000180f      0x123 ./src/LIB/Queue/queue.o
 .debug_abbrev  0x00001932      0x1ef ./src/HAL/USART_Handler/USRTH_program.o
 .debug_abbrev  0x00001b21       0xce ./src/HAL/Switch/Switch_cfg.o
 .debug_abbrev  0x00001bef      0x199 ./src/HAL/Switch/Switch_program.o
 .debug_abbrev  0x00001d88       0x8d ./src/HAL/LIN/LIN_cfg.o
 .debug_abbrev  0x00001e15      0x26c ./src/HAL/LIN/LIN_program.o
 .debug_abbrev  0x00002081      0x22c ./src/HAL/LCD/C_LCD_program.o
 .debug_abbrev  0x000022ad      0x10a ./src/Application/LIN_APP/LIN_APP.o
 .debug_abbrev  0x000023b7       0xef ./src/Application/main.o

.debug_line     0x00000000     0x4bed
 *(.debug_line)
 .debug_line    0x00000000      0x31d ./system/src/newlib/_exit.o
 .debug_line    0x0000031d      0x2ce ./system/src/newlib/_sbrk.o
 .debug_line    0x000005eb      0x384 ./system/src/newlib/_startup.o
 .debug_line    0x0000096f      0x3e1 ./system/src/newlib/_syscalls.o
 .debug_line    0x00000d50      0x38b ./system/src/diag/Trace.o
 .debug_line    0x000010db      0x603 ./system/src/diag/trace_impl.o
 .debug_line    0x000016de      0x36b ./system/src/cortexm/_initialize_hardware.o
 .debug_line    0x00001a49      0x6ac ./system/src/cortexm/exception_handlers.o
 .debug_line    0x000020f5      0x3cb ./system/src/cmsis/system_stm32f10x.o
 .debug_line    0x000024c0       0xfb ./system/src/cmsis/vectors_stm32f10x.o
 .debug_line    0x000025bb      0x29e ./src/System_tasks/tasks_cfg.o
 .debug_line    0x00002859      0x19e ./src/RTOS/RTOS_program.o
 .debug_line    0x000029f7      0x360 ./src/MCAL/USART/USART_program.o
 .debug_line    0x00002d57      0x11d ./src/MCAL/SysTick/STK_program.o
 .debug_line    0x00002e74      0x247 ./src/MCAL/RCC/RCC_program.o
 .debug_line    0x000030bb      0x18d ./src/MCAL/NVIC/NVIC_program.o
 .debug_line    0x00003248      0x339 ./src/MCAL/DMA/DMA_program.o
 .debug_line    0x00003581      0x112 ./src/MCAL/DIO/DIO_program.o
 .debug_line    0x00003693       0xf6 ./src/LIB/Queue/queue.o
 .debug_line    0x00003789      0x356 ./src/HAL/USART_Handler/USRTH_program.o
 .debug_line    0x00003adf       0xae ./src/HAL/Switch/Switch_cfg.o
 .debug_line    0x00003b8d      0x162 ./src/HAL/Switch/Switch_program.o
 .debug_line    0x00003cef       0x6e ./src/HAL/LIN/LIN_cfg.o
 .debug_line    0x00003d5d      0x398 ./src/HAL/LIN/LIN_program.o
 .debug_line    0x000040f5      0x3e2 ./src/HAL/LCD/C_LCD_program.o
 .debug_line    0x000044d7      0x465 ./src/Application/LIN_APP/LIN_APP.o
 .debug_line    0x0000493c      0x2b1 ./src/Application/main.o

.debug_frame    0x00000000     0x1634
 *(.debug_frame)
 .debug_frame   0x00000000       0x38 ./system/src/newlib/_exit.o
 .debug_frame   0x00000038       0x28 ./system/src/newlib/_sbrk.o
 .debug_frame   0x00000060       0x7c ./system/src/newlib/_startup.o
 .debug_frame   0x000000dc       0x50 ./system/src/newlib/_syscalls.o
 .debug_frame   0x0000012c       0x94 ./system/src/diag/Trace.o
 .debug_frame   0x000001c0       0x60 ./system/src/diag/trace_impl.o
 .debug_frame   0x00000220       0x40 ./system/src/cortexm/_initialize_hardware.o
 .debug_frame   0x00000260      0x158 ./system/src/cortexm/exception_handlers.o
 .debug_frame   0x000003b8       0x68 ./system/src/cmsis/system_stm32f10x.o
 .debug_frame   0x00000420       0x20 ./system/src/cmsis/vectors_stm32f10x.o
 .debug_frame   0x00000440       0x20 ./src/System_tasks/tasks_cfg.o
 .debug_frame   0x00000460       0x7c ./src/RTOS/RTOS_program.o
 .debug_frame   0x000004dc      0x1d4 ./src/MCAL/USART/USART_program.o
 .debug_frame   0x000006b0       0x78 ./src/MCAL/SysTick/STK_program.o
 .debug_frame   0x00000728      0x12c ./src/MCAL/RCC/RCC_program.o
 .debug_frame   0x00000854      0x140 ./src/MCAL/NVIC/NVIC_program.o
 .debug_frame   0x00000994      0x20c ./src/MCAL/DMA/DMA_program.o
 .debug_frame   0x00000ba0       0x88 ./src/MCAL/DIO/DIO_program.o
 .debug_frame   0x00000c28       0x90 ./src/LIB/Queue/queue.o
 .debug_frame   0x00000cb8      0x184 ./src/HAL/USART_Handler/USRTH_program.o
 .debug_frame   0x00000e3c       0x5c ./src/HAL/Switch/Switch_program.o
 .debug_frame   0x00000e98      0x154 ./src/HAL/LIN/LIN_program.o
 .debug_frame   0x00000fec      0x308 ./src/HAL/LCD/C_LCD_program.o
 .debug_frame   0x000012f4       0x2c ./src/Application/LIN_APP/LIN_APP.o
 .debug_frame   0x00001320       0x28 ./src/Application/main.o
 .debug_frame   0x00001348       0x20 d:/iti/tourkey/arm_tourkey/arm tools iti/arm gcc/bin/../lib/gcc/arm-none-eabi/5.4.1/../../../../arm-none-eabi/lib/armv7-m\libg_nano.a(lib_a-errno.o)
 .debug_frame   0x00001368       0x48 d:/iti/tourkey/arm_tourkey/arm tools iti/arm gcc/bin/../lib/gcc/arm-none-eabi/5.4.1/../../../../arm-none-eabi/lib/armv7-m\libg_nano.a(lib_a-vsnprintf.o)
 .debug_frame   0x000013b0       0x90 d:/iti/tourkey/arm_tourkey/arm tools iti/arm gcc/bin/../lib/gcc/arm-none-eabi/5.4.1/../../../../arm-none-eabi/lib/armv7-m\libg_nano.a(lib_a-nano-svfprintf.o)
 .debug_frame   0x00001440       0x60 d:/iti/tourkey/arm_tourkey/arm tools iti/arm gcc/bin/../lib/gcc/arm-none-eabi/5.4.1/../../../../arm-none-eabi/lib/armv7-m\libg_nano.a(lib_a-nano-vfprintf_i.o)
 .debug_frame   0x000014a0       0x28 d:/iti/tourkey/arm_tourkey/arm tools iti/arm gcc/bin/../lib/gcc/arm-none-eabi/5.4.1/../../../../arm-none-eabi/lib/armv7-m\libg_nano.a(lib_a-memchr-stub.o)
 .debug_frame   0x000014c8       0x28 d:/iti/tourkey/arm_tourkey/arm tools iti/arm gcc/bin/../lib/gcc/arm-none-eabi/5.4.1/../../../../arm-none-eabi/lib/armv7-m\libg_nano.a(lib_a-memcpy-stub.o)
 .debug_frame   0x000014f0       0x28 d:/iti/tourkey/arm_tourkey/arm tools iti/arm gcc/bin/../lib/gcc/arm-none-eabi/5.4.1/../../../../arm-none-eabi/lib/armv7-m\libg_nano.a(lib_a-memmove.o)
 .debug_frame   0x00001518       0x38 d:/iti/tourkey/arm_tourkey/arm tools iti/arm gcc/bin/../lib/gcc/arm-none-eabi/5.4.1/../../../../arm-none-eabi/lib/armv7-m\libg_nano.a(lib_a-nano-freer.o)
 .debug_frame   0x00001550       0x2c d:/iti/tourkey/arm_tourkey/arm tools iti/arm gcc/bin/../lib/gcc/arm-none-eabi/5.4.1/../../../../arm-none-eabi/lib/armv7-m\libg_nano.a(lib_a-nano-mallocr.o)
 .debug_frame   0x0000157c       0x3c d:/iti/tourkey/arm_tourkey/arm tools iti/arm gcc/bin/../lib/gcc/arm-none-eabi/5.4.1/../../../../arm-none-eabi/lib/armv7-m\libg_nano.a(lib_a-nano-reallocr.o)
 .debug_frame   0x000015b8       0x2c d:/iti/tourkey/arm_tourkey/arm tools iti/arm gcc/bin/../lib/gcc/arm-none-eabi/5.4.1/../../../../arm-none-eabi/lib/armv7-m\libg_nano.a(lib_a-sbrkr.o)
 .debug_frame   0x000015e4       0x30 d:/iti/tourkey/arm_tourkey/arm tools iti/arm gcc/bin/../lib/gcc/arm-none-eabi/5.4.1/../../../../arm-none-eabi/lib/armv7-m\libg_nano.a(lib_a-mlock.o)
 .debug_frame   0x00001614       0x20 d:/iti/tourkey/arm_tourkey/arm tools iti/arm gcc/bin/../lib/gcc/arm-none-eabi/5.4.1/../../../../arm-none-eabi/lib/armv7-m\libg_nano.a(lib_a-nano-msizer.o)

.debug_str      0x00000000    0x5c570
 *(.debug_str)
 .debug_str     0x00000000     0x6d29 ./system/src/newlib/_exit.o
                               0x6e9b (size before relaxing)
 .debug_str     0x00006d29      0x4de ./system/src/newlib/_sbrk.o
                               0x6286 (size before relaxing)
 .debug_str     0x00007207      0xbc3 ./system/src/newlib/_startup.o
                               0x5e3b (size before relaxing)
 .debug_str     0x00007dca      0xe18 ./system/src/newlib/_syscalls.o
                               0x70e6 (size before relaxing)
 .debug_str     0x00008be2      0x890 ./system/src/diag/Trace.o
                               0x768b (size before relaxing)
 .debug_str     0x00009472    0x4b2a9 ./system/src/diag/trace_impl.o
                              0x51e4d (size before relaxing)
 .debug_str     0x0005471b       0xc4 ./system/src/cortexm/_initialize_hardware.o
                              0x4e007 (size before relaxing)
 .debug_str     0x000547df      0x1a6 ./system/src/cortexm/exception_handlers.o
                              0x52c0f (size before relaxing)
 .debug_str     0x00054985      0x124 ./system/src/cmsis/system_stm32f10x.o
                              0x4e0b1 (size before relaxing)
 .debug_str     0x00054aa9       0x57 ./system/src/cmsis/vectors_stm32f10x.o
                               0x3056 (size before relaxing)
 .debug_str     0x00054b00      0x331 ./src/System_tasks/tasks_cfg.o
                               0x2853 (size before relaxing)
 .debug_str     0x00054e31      0xb71 ./src/RTOS/RTOS_program.o
                               0x3201 (size before relaxing)
 .debug_str     0x000559a2     0x1118 ./src/MCAL/USART/USART_program.o
                               0x37ce (size before relaxing)
 .debug_str     0x00056aba      0x17a ./src/MCAL/SysTick/STK_program.o
                               0x281b (size before relaxing)
 .debug_str     0x00056c34      0x5c4 ./src/MCAL/RCC/RCC_program.o
                               0x35cd (size before relaxing)
 .debug_str     0x000571f8      0x72c ./src/MCAL/NVIC/NVIC_program.o
                               0x2d17 (size before relaxing)
 .debug_str     0x00057924      0x82f ./src/MCAL/DMA/DMA_program.o
                               0x445f (size before relaxing)
 .debug_str     0x00058153     0x36ad ./src/MCAL/DIO/DIO_program.o
                               0x5d77 (size before relaxing)
 .debug_str     0x0005b800       0xbf ./src/LIB/Queue/queue.o
                               0x26a6 (size before relaxing)
 .debug_str     0x0005b8bf      0x1fb ./src/HAL/USART_Handler/USRTH_program.o
                               0x726c (size before relaxing)
 .debug_str     0x0005baba       0x93 ./src/HAL/Switch/Switch_cfg.o
                               0x588e (size before relaxing)
 .debug_str     0x0005bb4d       0xbf ./src/HAL/Switch/Switch_program.o
                               0x59ca (size before relaxing)
 .debug_str     0x0005bc0c       0xb9 ./src/HAL/LIN/LIN_cfg.o
                               0x268b (size before relaxing)
 .debug_str     0x0005bcc5      0x337 ./src/HAL/LIN/LIN_program.o
                               0x744f (size before relaxing)
 .debug_str     0x0005bffc      0x528 ./src/HAL/LCD/C_LCD_program.o
                               0x5f38 (size before relaxing)
 .debug_str     0x0005c524       0x32 ./src/Application/LIN_APP/LIN_APP.o
                               0x6753 (size before relaxing)
 .debug_str     0x0005c556       0x1a ./src/Application/main.o
                               0x38fb (size before relaxing)

.debug_loc      0x00000000     0x303a
 *(.debug_loc)
 .debug_loc     0x00000000       0x82 ./system/src/newlib/_sbrk.o
 .debug_loc     0x00000082      0x265 ./system/src/newlib/_startup.o
 .debug_loc     0x000002e7       0x63 ./system/src/newlib/_syscalls.o
 .debug_loc     0x0000034a      0x102 ./system/src/diag/Trace.o
 .debug_loc     0x0000044c      0x17c ./system/src/diag/trace_impl.o
 .debug_loc     0x000005c8      0x2a8 ./system/src/cortexm/exception_handlers.o
 .debug_loc     0x00000870       0xdf ./system/src/cmsis/system_stm32f10x.o
 .debug_loc     0x0000094f       0x32 ./src/RTOS/RTOS_program.o
 .debug_loc     0x00000981      0x82b ./src/MCAL/USART/USART_program.o
 .debug_loc     0x000011ac       0x9c ./src/MCAL/SysTick/STK_program.o
 .debug_loc     0x00001248      0x67d ./src/MCAL/RCC/RCC_program.o
 .debug_loc     0x000018c5      0x333 ./src/MCAL/NVIC/NVIC_program.o
 .debug_loc     0x00001bf8      0x3f0 ./src/MCAL/DMA/DMA_program.o
 .debug_loc     0x00001fe8      0x12c ./src/MCAL/DIO/DIO_program.o
 .debug_loc     0x00002114      0x1f3 ./src/LIB/Queue/queue.o
 .debug_loc     0x00002307      0x4bd ./src/HAL/USART_Handler/USRTH_program.o
 .debug_loc     0x000027c4       0x75 ./src/HAL/Switch/Switch_program.o
 .debug_loc     0x00002839      0x4bc ./src/HAL/LIN/LIN_program.o
 .debug_loc     0x00002cf5      0x303 ./src/HAL/LCD/C_LCD_program.o
 .debug_loc     0x00002ff8       0x42 ./src/Application/main.o

.debug_macinfo
 *(.debug_macinfo)

.debug_weaknames
 *(.debug_weaknames)

.debug_funcnames
 *(.debug_funcnames)

.debug_typenames
 *(.debug_typenames)

.debug_varnames
 *(.debug_varnames)
OUTPUT(STM_Project_Slave.elf elf32-littlearm)

.debug_ranges   0x00000000      0x7e8
 .debug_ranges  0x00000000       0x18 ./system/src/newlib/_exit.o
 .debug_ranges  0x00000018       0x10 ./system/src/newlib/_sbrk.o
 .debug_ranges  0x00000028       0x48 ./system/src/newlib/_startup.o
 .debug_ranges  0x00000070       0x20 ./system/src/newlib/_syscalls.o
 .debug_ranges  0x00000090       0x28 ./system/src/diag/Trace.o
 .debug_ranges  0x000000b8       0x38 ./system/src/diag/trace_impl.o
 .debug_ranges  0x000000f0       0x18 ./system/src/cortexm/_initialize_hardware.o
 .debug_ranges  0x00000108       0x98 ./system/src/cortexm/exception_handlers.o
 .debug_ranges  0x000001a0       0x28 ./system/src/cmsis/system_stm32f10x.o
 .debug_ranges  0x000001c8       0x10 ./system/src/cmsis/vectors_stm32f10x.o
 .debug_ranges  0x000001d8       0x10 ./src/System_tasks/tasks_cfg.o
 .debug_ranges  0x000001e8       0x30 ./src/RTOS/RTOS_program.o
 .debug_ranges  0x00000218       0xb0 ./src/MCAL/USART/USART_program.o
 .debug_ranges  0x000002c8       0x38 ./src/MCAL/SysTick/STK_program.o
 .debug_ranges  0x00000300       0x88 ./src/MCAL/RCC/RCC_program.o
 .debug_ranges  0x00000388       0x78 ./src/MCAL/NVIC/NVIC_program.o
 .debug_ranges  0x00000400       0xd8 ./src/MCAL/DMA/DMA_program.o
 .debug_ranges  0x000004d8       0x30 ./src/MCAL/DIO/DIO_program.o
 .debug_ranges  0x00000508       0x48 ./src/LIB/Queue/queue.o
 .debug_ranges  0x00000550       0x78 ./src/HAL/USART_Handler/USRTH_program.o
 .debug_ranges  0x000005c8       0x20 ./src/HAL/Switch/Switch_program.o
 .debug_ranges  0x000005e8       0xe8 ./src/HAL/LIN/LIN_program.o
 .debug_ranges  0x000006d0       0xf8 ./src/HAL/LCD/C_LCD_program.o
 .debug_ranges  0x000007c8       0x10 ./src/Application/LIN_APP/LIN_APP.o
 .debug_ranges  0x000007d8       0x10 ./src/Application/main.o

.debug_macro    0x00000000     0x390f
 .debug_macro   0x00000000      0x19c ./system/src/newlib/_exit.o
 .debug_macro   0x0000019c       0x9c ./system/src/newlib/_exit.o
 .debug_macro   0x00000238      0x10e ./system/src/newlib/_exit.o
 .debug_macro   0x00000346       0x8d ./system/src/newlib/_exit.o
 .debug_macro   0x000003d3       0x43 ./system/src/newlib/_exit.o
 .debug_macro   0x00000416      0x30d ./system/src/newlib/_exit.o
 .debug_macro   0x00000723       0x35 ./system/src/newlib/_exit.o
 .debug_macro   0x00000758      0x151 ./system/src/newlib/_sbrk.o
 .debug_macro   0x000008a9      0x174 ./system/src/newlib/_sbrk.o
 .debug_macro   0x00000a1d       0x10 ./system/src/newlib/_sbrk.o
 .debug_macro   0x00000a2d      0x23b ./system/src/newlib/_sbrk.o
 .debug_macro   0x00000c68      0x15b ./system/src/newlib/_startup.o
 .debug_macro   0x00000dc3      0x1ff ./system/src/newlib/_syscalls.o
 .debug_macro   0x00000fc2       0x1c ./system/src/newlib/_syscalls.o
 .debug_macro   0x00000fde       0x10 ./system/src/newlib/_syscalls.o
 .debug_macro   0x00000fee       0x10 ./system/src/newlib/_syscalls.o
 .debug_macro   0x00000ffe       0x10 ./system/src/newlib/_syscalls.o
 .debug_macro   0x0000100e       0x35 ./system/src/newlib/_syscalls.o
 .debug_macro   0x00001043      0x122 ./system/src/newlib/_syscalls.o
 .debug_macro   0x00001165       0x88 ./system/src/newlib/_syscalls.o
 .debug_macro   0x000011ed       0x2b ./system/src/newlib/_syscalls.o
 .debug_macro   0x00001218      0x118 ./system/src/newlib/_syscalls.o
 .debug_macro   0x00001330      0x159 ./system/src/newlib/_syscalls.o
 .debug_macro   0x00001489       0x16 ./system/src/newlib/_syscalls.o
 .debug_macro   0x0000149f      0x1d9 ./system/src/diag/Trace.o
 .debug_macro   0x00001678       0x16 ./system/src/diag/Trace.o
 .debug_macro   0x0000168e       0x97 ./system/src/diag/Trace.o
 .debug_macro   0x00001725       0xfd ./system/src/diag/Trace.o
 .debug_macro   0x00001822       0x10 ./system/src/diag/Trace.o
 .debug_macro   0x00001832       0x16 ./system/src/diag/Trace.o
 .debug_macro   0x00001848      0x18b ./system/src/diag/Trace.o
 .debug_macro   0x000019d3       0x4c ./system/src/diag/Trace.o
 .debug_macro   0x00001a1f       0x16 ./system/src/diag/Trace.o
 .debug_macro   0x00001a35      0x2c2 ./system/src/diag/trace_impl.o
 .debug_macro   0x00001cf7       0x10 ./system/src/diag/trace_impl.o
 .debug_macro   0x00001d07       0xcf ./system/src/diag/trace_impl.o
 .debug_macro   0x00001dd6       0xbe ./system/src/diag/trace_impl.o
 .debug_macro   0x00001e94       0x22 ./system/src/diag/trace_impl.o
 .debug_macro   0x00001eb6      0x16b ./system/src/cortexm/_initialize_hardware.o
 .debug_macro   0x00002021      0x302 ./system/src/cortexm/exception_handlers.o
 .debug_macro   0x00002323       0x3b ./system/src/cortexm/exception_handlers.o
 .debug_macro   0x0000235e       0x10 ./system/src/cortexm/exception_handlers.o
 .debug_macro   0x0000236e      0x16e ./system/src/cmsis/system_stm32f10x.o
 .debug_macro   0x000024dc       0x34 ./system/src/cmsis/vectors_stm32f10x.o
 .debug_macro   0x00002510       0x8a ./src/System_tasks/tasks_cfg.o
 .debug_macro   0x0000259a       0x3a ./src/System_tasks/tasks_cfg.o
 .debug_macro   0x000025d4       0x34 ./src/System_tasks/tasks_cfg.o
 .debug_macro   0x00002608       0x10 ./src/System_tasks/tasks_cfg.o
 .debug_macro   0x00002618       0x1c ./src/System_tasks/tasks_cfg.o
 .debug_macro   0x00002634       0x2e ./src/System_tasks/tasks_cfg.o
 .debug_macro   0x00002662       0x48 ./src/RTOS/RTOS_program.o
 .debug_macro   0x000026aa       0x16 ./src/RTOS/RTOS_program.o
 .debug_macro   0x000026c0       0x22 ./src/RTOS/RTOS_program.o
 .debug_macro   0x000026e2      0x28c ./src/RTOS/RTOS_program.o
 .debug_macro   0x0000296e       0x77 ./src/MCAL/USART/USART_program.o
 .debug_macro   0x000029e5      0x1a2 ./src/MCAL/USART/USART_program.o
 .debug_macro   0x00002b87       0x5e ./src/MCAL/USART/USART_program.o
 .debug_macro   0x00002be5       0x46 ./src/MCAL/USART/USART_program.o
 .debug_macro   0x00002c2b       0xee ./src/MCAL/USART/USART_program.o
 .debug_macro   0x00002d19       0x3e ./src/MCAL/SysTick/STK_program.o
 .debug_macro   0x00002d57       0x1c ./src/MCAL/SysTick/STK_program.o
 .debug_macro   0x00002d73       0x16 ./src/MCAL/SysTick/STK_program.o
 .debug_macro   0x00002d89       0x1c ./src/MCAL/SysTick/STK_program.o
 .debug_macro   0x00002da5      0x12b ./src/MCAL/RCC/RCC_program.o
 .debug_macro   0x00002ed0       0x47 ./src/MCAL/NVIC/NVIC_program.o
 .debug_macro   0x00002f17      0x1a8 ./src/MCAL/NVIC/NVIC_program.o
 .debug_macro   0x000030bf       0x59 ./src/MCAL/DMA/DMA_program.o
 .debug_macro   0x00003118       0x88 ./src/MCAL/DMA/DMA_program.o
 .debug_macro   0x000031a0       0x1c ./src/MCAL/DMA/DMA_program.o
 .debug_macro   0x000031bc       0x3a ./src/MCAL/DMA/DMA_program.o
 .debug_macro   0x000031f6       0x41 ./src/MCAL/DIO/DIO_program.o
 .debug_macro   0x00003237       0x94 ./src/MCAL/DIO/DIO_program.o
 .debug_macro   0x000032cb       0x24 ./src/LIB/Queue/queue.o
 .debug_macro   0x000032ef       0x73 ./src/HAL/USART_Handler/USRTH_program.o
 .debug_macro   0x00003362       0x22 ./src/HAL/USART_Handler/USRTH_program.o
 .debug_macro   0x00003384       0x1c ./src/HAL/USART_Handler/USRTH_program.o
 .debug_macro   0x000033a0       0x2d ./src/HAL/Switch/Switch_cfg.o
 .debug_macro   0x000033cd       0x52 ./src/HAL/Switch/Switch_program.o
 .debug_macro   0x0000341f       0x23 ./src/HAL/LIN/LIN_cfg.o
 .debug_macro   0x00003442       0x2e ./src/HAL/LIN/LIN_cfg.o
 .debug_macro   0x00003470       0x7d ./src/HAL/LIN/LIN_program.o
 .debug_macro   0x000034ed       0xa6 ./src/HAL/LIN/LIN_program.o
 .debug_macro   0x00003593       0x5b ./src/HAL/LCD/C_LCD_program.o
 .debug_macro   0x000035ee       0x3a ./src/HAL/LCD/C_LCD_program.o
 .debug_macro   0x00003628       0x8e ./src/HAL/LCD/C_LCD_program.o
 .debug_macro   0x000036b6      0x1d1 ./src/Application/LIN_APP/LIN_APP.o
 .debug_macro   0x00003887       0x88 ./src/Application/main.o
