Archive member included to satisfy reference by file (symbol)

d:/iti/tourkey/arm_tourkey/arm tools iti/arm gcc/bin/../lib/gcc/arm-none-eabi/5.4.1/armv7-m\libgcc.a(_arm_addsubsf3.o)
                              ./src/LIB/Delay/DELAY_program.o (__aeabi_fsub)
d:/iti/tourkey/arm_tourkey/arm tools iti/arm gcc/bin/../lib/gcc/arm-none-eabi/5.4.1/armv7-m\libgcc.a(_arm_muldivsf3.o)
                              ./src/LIB/Delay/DELAY_program.o (__aeabi_fdiv)
d:/iti/tourkey/arm_tourkey/arm tools iti/arm gcc/bin/../lib/gcc/arm-none-eabi/5.4.1/armv7-m\libgcc.a(_arm_fixunssfsi.o)
                              ./src/LIB/Delay/DELAY_program.o (__aeabi_f2uiz)
d:/iti/tourkey/arm_tourkey/arm tools iti/arm gcc/bin/../lib/gcc/arm-none-eabi/5.4.1/../../../../arm-none-eabi/lib/armv7-m\libg_nano.a(lib_a-errno.o)
                              ./system/src/newlib/_sbrk.o (__errno)
d:/iti/tourkey/arm_tourkey/arm tools iti/arm gcc/bin/../lib/gcc/arm-none-eabi/5.4.1/../../../../arm-none-eabi/lib/armv7-m\libg_nano.a(lib_a-impure.o)
                              d:/iti/tourkey/arm_tourkey/arm tools iti/arm gcc/bin/../lib/gcc/arm-none-eabi/5.4.1/../../../../arm-none-eabi/lib/armv7-m\libg_nano.a(lib_a-errno.o) (_impure_ptr)
d:/iti/tourkey/arm_tourkey/arm tools iti/arm gcc/bin/../lib/gcc/arm-none-eabi/5.4.1/../../../../arm-none-eabi/lib/armv7-m\libg_nano.a(lib_a-strlen.o)
                              ./system/src/diag/Trace.o (strlen)
d:/iti/tourkey/arm_tourkey/arm tools iti/arm gcc/bin/../lib/gcc/arm-none-eabi/5.4.1/../../../../arm-none-eabi/lib/armv7-m\libg_nano.a(lib_a-vsnprintf.o)
                              ./system/src/diag/Trace.o (vsnprintf)
d:/iti/tourkey/arm_tourkey/arm tools iti/arm gcc/bin/../lib/gcc/arm-none-eabi/5.4.1/../../../../arm-none-eabi/lib/armv7-m\libg_nano.a(lib_a-nano-svfprintf.o)
                              d:/iti/tourkey/arm_tourkey/arm tools iti/arm gcc/bin/../lib/gcc/arm-none-eabi/5.4.1/../../../../arm-none-eabi/lib/armv7-m\libg_nano.a(lib_a-vsnprintf.o) (_svfprintf_r)
d:/iti/tourkey/arm_tourkey/arm tools iti/arm gcc/bin/../lib/gcc/arm-none-eabi/5.4.1/../../../../arm-none-eabi/lib/armv7-m\libg_nano.a(lib_a-nano-vfprintf_i.o)
                              d:/iti/tourkey/arm_tourkey/arm tools iti/arm gcc/bin/../lib/gcc/arm-none-eabi/5.4.1/../../../../arm-none-eabi/lib/armv7-m\libg_nano.a(lib_a-nano-svfprintf.o) (_printf_i)
d:/iti/tourkey/arm_tourkey/arm tools iti/arm gcc/bin/../lib/gcc/arm-none-eabi/5.4.1/../../../../arm-none-eabi/lib/armv7-m\libg_nano.a(lib_a-memchr-stub.o)
                              d:/iti/tourkey/arm_tourkey/arm tools iti/arm gcc/bin/../lib/gcc/arm-none-eabi/5.4.1/../../../../arm-none-eabi/lib/armv7-m\libg_nano.a(lib_a-nano-svfprintf.o) (memchr)
d:/iti/tourkey/arm_tourkey/arm tools iti/arm gcc/bin/../lib/gcc/arm-none-eabi/5.4.1/../../../../arm-none-eabi/lib/armv7-m\libg_nano.a(lib_a-memcpy-stub.o)
                              d:/iti/tourkey/arm_tourkey/arm tools iti/arm gcc/bin/../lib/gcc/arm-none-eabi/5.4.1/../../../../arm-none-eabi/lib/armv7-m\libg_nano.a(lib_a-nano-svfprintf.o) (memcpy)
d:/iti/tourkey/arm_tourkey/arm tools iti/arm gcc/bin/../lib/gcc/arm-none-eabi/5.4.1/../../../../arm-none-eabi/lib/armv7-m\libg_nano.a(lib_a-memmove.o)
                              d:/iti/tourkey/arm_tourkey/arm tools iti/arm gcc/bin/../lib/gcc/arm-none-eabi/5.4.1/../../../../arm-none-eabi/lib/armv7-m\libg_nano.a(lib_a-nano-svfprintf.o) (memmove)
d:/iti/tourkey/arm_tourkey/arm tools iti/arm gcc/bin/../lib/gcc/arm-none-eabi/5.4.1/../../../../arm-none-eabi/lib/armv7-m\libg_nano.a(lib_a-nano-freer.o)
                              d:/iti/tourkey/arm_tourkey/arm tools iti/arm gcc/bin/../lib/gcc/arm-none-eabi/5.4.1/../../../../arm-none-eabi/lib/armv7-m\libg_nano.a(lib_a-nano-svfprintf.o) (_free_r)
d:/iti/tourkey/arm_tourkey/arm tools iti/arm gcc/bin/../lib/gcc/arm-none-eabi/5.4.1/../../../../arm-none-eabi/lib/armv7-m\libg_nano.a(lib_a-nano-mallocr.o)
                              d:/iti/tourkey/arm_tourkey/arm tools iti/arm gcc/bin/../lib/gcc/arm-none-eabi/5.4.1/../../../../arm-none-eabi/lib/armv7-m\libg_nano.a(lib_a-nano-svfprintf.o) (_malloc_r)
d:/iti/tourkey/arm_tourkey/arm tools iti/arm gcc/bin/../lib/gcc/arm-none-eabi/5.4.1/../../../../arm-none-eabi/lib/armv7-m\libg_nano.a(lib_a-nano-reallocr.o)
                              d:/iti/tourkey/arm_tourkey/arm tools iti/arm gcc/bin/../lib/gcc/arm-none-eabi/5.4.1/../../../../arm-none-eabi/lib/armv7-m\libg_nano.a(lib_a-nano-svfprintf.o) (_realloc_r)
d:/iti/tourkey/arm_tourkey/arm tools iti/arm gcc/bin/../lib/gcc/arm-none-eabi/5.4.1/../../../../arm-none-eabi/lib/armv7-m\libg_nano.a(lib_a-sbrkr.o)
                              d:/iti/tourkey/arm_tourkey/arm tools iti/arm gcc/bin/../lib/gcc/arm-none-eabi/5.4.1/../../../../arm-none-eabi/lib/armv7-m\libg_nano.a(lib_a-nano-mallocr.o) (_sbrk_r)
d:/iti/tourkey/arm_tourkey/arm tools iti/arm gcc/bin/../lib/gcc/arm-none-eabi/5.4.1/../../../../arm-none-eabi/lib/armv7-m\libg_nano.a(lib_a-mlock.o)
[...]
Memory Configuration

Name             Origin             Length             Attributes
RAM              0x20000000         0x00005000         xrw
CCMRAM           0x00000000         0x00000000         xrw
FLASH            0x08000000         0x00010000         xr
FLASHB1          0x00000000         0x00000000         xr
EXTMEMB0         0x00000000         0x00000000         xr
EXTMEMB1         0x00000000         0x00000000         xr
EXTMEMB2         0x00000000         0x00000000         xr
EXTMEMB3         0x00000000         0x00000000         xr
MEMORY_ARRAY     0x00000000         0x00000000         xrw
*default*        0x00000000         0xffffffff

Linker script and memory map

LOAD ./system/src/stm32f1-stdperiph/misc.o
LOAD ./system/src/stm32f1-stdperiph/stm32f10x_gpio.o
LOAD ./system/src/stm32f1-stdperiph/stm32f10x_rcc.o
LOAD ./system/src/newlib/_cxx.o
LOAD ./system/src/newlib/_exit.o
LOAD ./system/src/newlib/_sbrk.o
LOAD ./system/src/newlib/_startup.o
LOAD ./system/src/newlib/_syscalls.o
LOAD ./system/src/newlib/assert.o
LOAD ./system/src/diag/Trace.o
LOAD ./system/src/diag/trace_impl.o
LOAD ./system/src/cortexm/_initialize_hardware.o
LOAD ./system/src/cortexm/_reset_hardware.o
LOAD ./system/src/cortexm/exception_handlers.o
LOAD ./system/src/cmsis/system_stm32f10x.o
LOAD ./system/src/cmsis/vectors_stm32f10x.o
LOAD ./src/MCAL/USART/USART_program.o
LOAD ./src/MCAL/SysTick/STK_program.o
LOAD ./src/MCAL/RCC/RCC_program.o
LOAD ./src/MCAL/NVIC/NVIC_program.o
LOAD ./src/MCAL/Flash/Flash_program.o
LOAD ./src/MCAL/DMA/DMA_program.o
LOAD ./src/MCAL/DIO/DIO_program.o
LOAD ./src/LIB/Queue/queue.o
LOAD ./src/LIB/Delay/DELAY_program.o
LOAD ./src/HAL/USART_Handler/USRTH_program.o
LOAD ./src/HAL/LED/LED_cfg.o
LOAD ./src/HAL/LED/LED_program.o
LOAD ./src/Com_Protocols/BL_protocol/BL_protocol.o
LOAD ./src/Com_Protocols/BL_protocol/BL_protocol_cfg.o
LOAD ./src/_write.o
LOAD ./src/main.o
LOAD d:/iti/tourkey/arm_tourkey/arm tools iti/arm gcc/bin/../lib/gcc/arm-none-eabi/5.4.1/../../../../arm-none-eabi/lib/armv7-m\libstdc++_nano.a
LOAD d:/iti/tourkey/arm_tourkey/arm tools iti/arm gcc/bin/../lib/gcc/arm-none-eabi/5.4.1/../../../../arm-none-eabi/lib/armv7-m\libm.a
START GROUP
LOAD d:/iti/tourkey/arm_tourkey/arm tools iti/arm gcc/bin/../lib/gcc/arm-none-eabi/5.4.1/armv7-m\libgcc.a
LOAD d:/iti/tourkey/arm_tourkey/arm tools iti/arm gcc/bin/../lib/gcc/arm-none-eabi/5.4.1/../../../../arm-none-eabi/lib/armv7-m\libg_nano.a
LOAD d:/iti/tourkey/arm_tourkey/arm tools iti/arm gcc/bin/../lib/gcc/arm-none-eabi/5.4.1/../../../../arm-none-eabi/lib/armv7-m\libc_nano.a
END GROUP
START GROUP
LOAD d:/iti/tourkey/arm_tourkey/arm tools iti/arm gcc/bin/../lib/gcc/arm-none-eabi/5.4.1/armv7-m\libgcc.a
LOAD d:/iti/tourkey/arm_tourkey/arm tools iti/arm gcc/bin/../lib/gcc/arm-none-eabi/5.4.1/../../../../arm-none-eabi/lib/armv7-m\libc_nano.a
END GROUP
                0x20005000                __stack = (ORIGIN (RAM) + LENGTH (RAM))
                0x20005000                _estack = __stack
                0x00000400                __Main_Stack_Size = 0x400
                [!provide]                PROVIDE (_Main_Stack_Size, __Main_Stack_Size)
                0x20004c00                __Main_Stack_Limit = (__stack - __Main_Stack_Size)
                [!provide]                PROVIDE (_Main_Stack_Limit, __Main_Stack_Limit)
                0x00000100                _Minimum_Stack_Size = 0x100
                0x20000718                PROVIDE (_Heap_Begin, _end_noinit)
                0x20004c00                PROVIDE (_Heap_Limit, (__stack - __Main_Stack_Size))

.isr_vector     0x08000000      0x354
 FILL mask 0xff
                0x08000000                __vectors_start = ABSOLUTE (.)
                0x08000000                __vectors_start__ = ABSOLUTE (.)
 *(.isr_vector)
 .isr_vector    0x08000000      0x10c ./system/src/cmsis/vectors_stm32f10x.o
                0x08000000                __isr_vectors
 *(.cfmconfig)
 *(.after_vectors .after_vectors.*)
 .after_vectors
                0x0800010c      0x114 ./system/src/newlib/_startup.o
                0x0800010c                _start
 .after_vectors
                0x08000220      0x130 ./system/src/cortexm/exception_handlers.o
                0x08000220                Reset_Handler
                0x08000228                NMI_Handler
                0x0800022c                HardFault_Handler
                0x08000240                HardFault_Handler_C
                0x080002a0                MemManage_Handler
                0x080002a4                BusFault_Handler
                0x080002b8                BusFault_Handler_C
                0x080002ec                UsageFault_Handler
                0x08000300                UsageFault_Handler_C
                0x08000334                SVC_Handler
                0x08000338                DebugMon_Handler
                0x0800033c                PendSV_Handler
 .after_vectors
                0x08000350        0x4 ./system/src/cmsis/vectors_stm32f10x.o
                0x08000350                EXTI2_IRQHandler
                0x08000350                TIM8_TRG_COM_IRQHandler
                0x08000350                TIM8_CC_IRQHandler
                0x08000350                TIM1_CC_IRQHandler
                0x08000350                TIM6_IRQHandler
                0x08000350                PVD_IRQHandler
                0x08000350                SDIO_IRQHandler
                0x08000350                CAN2_RX1_IRQHandler
                0x08000350                EXTI3_IRQHandler
                0x08000350                TIM8_TRG_COM_TIM14_IRQHandler
                0x08000350                TIM1_UP_TIM10_IRQHandler
                0x08000350                TIM8_UP_TIM13_IRQHandler
                0x08000350                EXTI0_IRQHandler
                0x08000350                I2C2_EV_IRQHandler
                0x08000350                CAN1_RX0_IRQHandler
                0x08000350                TIM1_UP_TIM16_IRQHandler
                0x08000350                CAN2_SCE_IRQHandler
                0x08000350                ADC1_2_IRQHandler
                0x08000350                SPI1_IRQHandler
                0x08000350                TAMPER_IRQHandler
                0x08000350                TIM6_DAC_IRQHandler
                0x08000350                TIM1_BRK_TIM9_IRQHandler
                0x08000350                CAN2_RX0_IRQHandler
                0x08000350                TIM8_UP_IRQHandler
                0x08000350                DMA2_Channel2_IRQHandler
                0x08000350                USART3_IRQHandler
                0x08000350                RTC_IRQHandler
                0x08000350                CAN1_RX1_IRQHandler
                0x08000350                UART5_IRQHandler
                0x08000350                ADC3_IRQHandler
                0x08000350                TIM4_IRQHandler
                0x08000350                DMA2_Channel1_IRQHandler
                0x08000350                I2C1_EV_IRQHandler
                0x08000350                UART4_IRQHandler
                0x08000350                DMA2_Channel4_IRQHandler
                0x08000350                TIM3_IRQHandler
                0x08000350                RCC_IRQHandler
                0x08000350                TIM8_BRK_TIM12_IRQHandler
                0x08000350                TIM1_TRG_COM_IRQHandler
                0x08000350                Default_Handler
                0x08000350                CEC_IRQHandler
                0x08000350                EXTI15_10_IRQHandler
                0x08000350                TIM14_IRQHandler
                0x08000350                TIM13_IRQHandler
                0x08000350                TIM12_IRQHandler
                0x08000350                TIM7_IRQHandler
                0x08000350                CAN2_TX_IRQHandler
                0x08000350                TIM5_IRQHandler
                0x08000350                EXTI9_5_IRQHandler
                0x08000350                ETH_WKUP_IRQHandler
                0x08000350                SPI2_IRQHandler
                0x08000350                CAN1_TX_IRQHandler
                0x08000350                DMA2_Channel5_IRQHandler
                0x08000350                EXTI4_IRQHandler
                0x08000350                USB_LP_CAN1_RX0_IRQHandler
                0x08000350                TIM1_TRG_COM_TIM17_IRQHandler
                0x08000350                USB_HP_CAN1_TX_IRQHandler
                0x08000350                FSMC_IRQHandler
                0x08000350                ETH_IRQHandler
                0x08000350                TIM1_UP_IRQHandler
                0x08000350                WWDG_IRQHandler
                0x08000350                TIM2_IRQHandler
                0x08000350                OTG_FS_WKUP_IRQHandler
                0x08000350                TIM1_TRG_COM_TIM11_IRQHandler
                0x08000350                TIM1_BRK_IRQHandler
                0x08000350                EXTI1_IRQHandler
                0x08000350                RTCAlarm_IRQHandler
                0x08000350                DMA2_Channel4_5_IRQHandler
                0x08000350                USART2_IRQHandler
                0x08000350                I2C2_ER_IRQHandler
                0x08000350                TIM8_BRK_IRQHandler
                0x08000350                CAN1_SCE_IRQHandler
                0x08000350                FLASH_IRQHandler
                0x08000350                OTG_FS_IRQHandler
                0x08000350                SPI3_IRQHandler
                0x08000350                I2C1_ER_IRQHandler
                0x08000350                USBWakeUp_IRQHandler
                0x08000350                DMA2_Channel3_IRQHandler
                0x08000350                TIM1_BRK_TIM15_IRQHandler

.inits          0x08000354       0x28
                0x08000354                __data_regions_array_start = .
                0x08000354        0x4 LONG 0x8002ce8 LOADADDR (.data)
                0x08000358        0x4 LONG 0x20000000 ADDR (.data)
                0x0800035c        0x4 LONG 0x2000008c (ADDR (.data) + SIZEOF (.data))
                0x08000360        0x4 LONG 0x8002ce8 LOADADDR (.data_CCMRAM)
                0x08000364        0x4 LONG 0x0 ADDR (.data_CCMRAM)
                0x08000368        0x4 LONG 0x0 (ADDR (.data_CCMRAM) + SIZEOF (.data_CCMRAM))
                0x0800036c                __data_regions_array_end = .
                0x0800036c                __bss_regions_array_start = .
                0x0800036c        0x4 LONG 0x2000008c ADDR (.bss)
                0x08000370        0x4 LONG 0x20000718 (ADDR (.bss) + SIZEOF (.bss))
                0x08000374        0x4 LONG 0x0 ADDR (.bss_CCMRAM)
                0x08000378        0x4 LONG 0x0 (ADDR (.bss_CCMRAM) + SIZEOF (.bss_CCMRAM))
                0x0800037c                __bss_regions_array_end = .
 *(.init)
 *(.fini)
                0x0800037c                . = ALIGN (0x4)
                0x0800037c                PROVIDE (__preinit_array_start, .)
 *(.preinit_array_sysinit .preinit_array_sysinit.*)
 *(.preinit_array_platform .preinit_array_platform.*)
 *(.preinit_array .preinit_array.*)
                0x0800037c                PROVIDE (__preinit_array_end, .)
                0x0800037c                . = ALIGN (0x4)
                0x0800037c                PROVIDE (__init_array_start, .)
 *(SORT(.init_array.*))
 *(.init_array)
                0x0800037c                PROVIDE (__init_array_end, .)
                0x0800037c                . = ALIGN (0x4)
                0x0800037c                PROVIDE (__fini_array_start, .)
 *(SORT(.fini_array.*))
 *(.fini_array)
                0x0800037c                PROVIDE (__fini_array_end, .)

.flashtext
 *(.flashtext .flashtext.*)

.text           0x08000380     0x2967
 *(.text .text.*)
 .text._exit    0x08000380        0x4 ./system/src/newlib/_exit.o
                0x08000380                _exit
 .text._sbrk    0x08000384       0x44 ./system/src/newlib/_sbrk.o
                0x08000384                _sbrk
 .text.__initialize_args
                0x080003c8       0x10 ./system/src/newlib/_syscalls.o
                0x080003c8                __initialize_args
 .text.trace_printf
                0x080003d8       0x30 ./system/src/diag/Trace.o
                0x080003d8                trace_printf
 .text._trace_write_semihosting_debug
                0x08000408       0x64 ./system/src/diag/trace_impl.o
 .text.trace_write
                0x0800046c        0x8 ./system/src/diag/trace_impl.o
                0x0800046c                trace_write
 .text.__initialize_hardware_early
                0x08000474       0x18 ./system/src/cortexm/_initialize_hardware.o
                0x08000474                __initialize_hardware_early
 .text.__initialize_hardware
                0x0800048c        0x8 ./system/src/cortexm/_initialize_hardware.o
                0x0800048c                __initialize_hardware
 .text.dumpExceptionStack
                0x08000494       0xf0 ./system/src/cortexm/exception_handlers.o
                0x08000494                dumpExceptionStack
 .text.isSemihosting
                0x08000584       0x20 ./system/src/cortexm/exception_handlers.o
                0x08000584                isSemihosting
 .text.SetSysClockTo72
                0x080005a4       0xc4 ./system/src/cmsis/system_stm32f10x.o
 .text.SetSysClock
                0x08000668        0x8 ./system/src/cmsis/system_stm32f10x.o
 .text.SystemInit
                0x08000670       0x50 ./system/src/cmsis/system_stm32f10x.o
                0x08000670                SystemInit
 .text.SystemCoreClockUpdate
                0x080006c0       0x94 ./system/src/cmsis/system_stm32f10x.o
                0x080006c0                SystemCoreClockUpdate
 .text.IsTransmissionComplete
                0x08000754        0x8 ./src/MCAL/USART/USART_program.o
 .text.IsDataRecieved
                0x0800075c        0x8 ./src/MCAL/USART/USART_program.o
 .text.IsBreakRecieved
                0x08000764        0x8 ./src/MCAL/USART/USART_program.o
 .text.USART_voidTransIntStatus
                0x0800076c        0xc ./src/MCAL/USART/USART_program.o
 .text.USART_voidRecIntStatus
                0x08000778        0xc ./src/MCAL/USART/USART_program.o
 .text.USART_voidTCIntStatus
                0x08000784        0xc ./src/MCAL/USART/USART_program.o
 .text.USART_DMAEnable
                0x08000790       0x1c ./src/MCAL/USART/USART_program.o
                0x08000790                USART_DMAEnable
 .text.USART_DMADisable
                0x080007ac       0x14 ./src/MCAL/USART/USART_program.o
                0x080007ac                USART_DMADisable
 .text.USART_DMAStop
                0x080007c0       0x10 ./src/MCAL/USART/USART_program.o
                0x080007c0                USART_DMAStop
 .text.USART_voidChangeStatus
                0x080007d0        0xc ./src/MCAL/USART/USART_program.o
                0x080007d0                USART_voidChangeStatus
 .text.USART_voidChangeTransStatus
                0x080007dc        0xc ./src/MCAL/USART/USART_program.o
                0x080007dc                USART_voidChangeTransStatus
 .text.USART_voidChangeRecStatus
                0x080007e8        0xc ./src/MCAL/USART/USART_program.o
                0x080007e8                USART_voidChangeRecStatus
 .text.USART_voidInit
                0x080007f4       0x50 ./src/MCAL/USART/USART_program.o
                0x080007f4                USART_voidInit
 .text.USART1_IRQHandler
                0x08000844       0xf0 ./src/MCAL/USART/USART_program.o
                0x08000844                USART1_IRQHandler
 .text.set_TransmissionCompleteCB
                0x08000934        0xc ./src/MCAL/USART/USART_program.o
                0x08000934                set_TransmissionCompleteCB
 .text.USART_DMASend
                0x08000940       0x58 ./src/MCAL/USART/USART_program.o
                0x08000940                USART_DMASend
 .text.USART_DMARecieve
                0x08000998       0x34 ./src/MCAL/USART/USART_program.o
                0x08000998                USART_DMARecieve
 .text.SysTick_Handler
                0x080009cc       0x10 ./src/MCAL/SysTick/STK_program.o
                0x080009cc                SysTick_Handler
 .text.RCC_u8ReadSystemClock
                0x080009dc       0x14 ./src/MCAL/RCC/RCC_program.o
                0x080009dc                RCC_u8ReadSystemClock
 .text.RCC_u8SwitchSystemClock
                0x080009f0       0x14 ./src/MCAL/RCC/RCC_program.o
                0x080009f0                RCC_u8SwitchSystemClock
 .text.RCC_Peripheral_Config
                0x08000a04       0xa4 ./src/MCAL/RCC/RCC_program.o
                0x08000a04                RCC_Peripheral_Config
 .text.RCC_u32ReadSystemFreq
                0x08000aa8       0x84 ./src/MCAL/RCC/RCC_program.o
                0x08000aa8                RCC_u32ReadSystemFreq
 .text.RCC_u32ReadAHBFreq
                0x08000b2c       0x8c ./src/MCAL/RCC/RCC_program.o
                0x08000b2c                RCC_u32ReadAHBFreq
 .text.RCC_u32ReadAPB2Freq
                0x08000bb8       0x2c ./src/MCAL/RCC/RCC_program.o
                0x08000bb8                RCC_u32ReadAPB2Freq
 .text.RCC_SWReset
                0x08000be4       0x10 ./src/MCAL/RCC/RCC_program.o
                0x08000be4                RCC_SWReset
 .text.NVIC_EnableIRQ
                0x08000bf4       0x2c ./src/MCAL/NVIC/NVIC_program.o
                0x08000bf4                NVIC_EnableIRQ
 .text.flash_write
                0x08000c20       0x34 ./src/MCAL/Flash/Flash_program.o
 .text.Flash_unlock
                0x08000c54       0x18 ./src/MCAL/Flash/Flash_program.o
                0x08000c54                Flash_unlock
 .text.Flash_pageErase
                0x08000c6c       0x6c ./src/MCAL/Flash/Flash_program.o
                0x08000c6c                Flash_pageErase
 .text.Flash_programWrite
                0x08000cd8      0x2d4 ./src/MCAL/Flash/Flash_program.o
                0x08000cd8                Flash_programWrite
 .text.get_TCFlagStatus
                0x08000fac       0x18 ./src/MCAL/DMA/DMA_program.o
 .text.get_HTCFlagStatus
                0x08000fc4       0x18 ./src/MCAL/DMA/DMA_program.o
 .text.get_ERRFlagStatus
                0x08000fdc       0x18 ./src/MCAL/DMA/DMA_program.o
 .text.clear_TCFlag
                0x08000ff4       0x18 ./src/MCAL/DMA/DMA_program.o
 .text.clear_HTCFlag
                0x0800100c       0x18 ./src/MCAL/DMA/DMA_program.o
 .text.clear_ERRFlag
                0x08001024       0x18 ./src/MCAL/DMA/DMA_program.o
 .text.DMA_voidInit
                0x0800103c       0x3c ./src/MCAL/DMA/DMA_program.o
                0x0800103c                DMA_voidInit
 .text.DMA_u8ChannelInit
                0x08001078       0x40 ./src/MCAL/DMA/DMA_program.o
                0x08001078                DMA_u8ChannelInit
 .text.DMA_voidStart
                0x080010b8       0xb0 ./src/MCAL/DMA/DMA_program.o
                0x080010b8                DMA_voidStart
 .text.set_ChannelX_TCHandler
                0x08001168       0x14 ./src/MCAL/DMA/DMA_program.o
                0x08001168                set_ChannelX_TCHandler
 .text.DMA_voidStop
                0x0800117c       0x34 ./src/MCAL/DMA/DMA_program.o
                0x0800117c                DMA_voidStop
 .text.DMA1_Channel1_IRQHandler
                0x080011b0       0x58 ./src/MCAL/DMA/DMA_program.o
                0x080011b0                DMA1_Channel1_IRQHandler
 .text.DMA1_Channel2_IRQHandler
                0x08001208       0x58 ./src/MCAL/DMA/DMA_program.o
                0x08001208                DMA1_Channel2_IRQHandler
 .text.DMA1_Channel3_IRQHandler
                0x08001260       0x58 ./src/MCAL/DMA/DMA_program.o
                0x08001260                DMA1_Channel3_IRQHandler
 .text.DMA1_Channel4_IRQHandler
                0x080012b8       0x80 ./src/MCAL/DMA/DMA_program.o
                0x080012b8                DMA1_Channel4_IRQHandler
 .text.DMA1_Channel5_IRQHandler
                0x08001338       0x80 ./src/MCAL/DMA/DMA_program.o
                0x08001338                DMA1_Channel5_IRQHandler
 .text.DMA1_Channel6_IRQHandler
                0x080013b8       0x58 ./src/MCAL/DMA/DMA_program.o
                0x080013b8                DMA1_Channel6_IRQHandler
 .text.DMA1_Channel7_IRQHandler
                0x08001410       0x58 ./src/MCAL/DMA/DMA_program.o
                0x08001410                DMA1_Channel7_IRQHandler
 .text.GPIO_Config
                0x08001468       0xe0 ./src/MCAL/DIO/DIO_program.o
                0x08001468                GPIO_Config
 .text.delay_mSec
                0x08001548       0x34 ./src/LIB/Delay/DELAY_program.o
                0x08001548                delay_mSec
 .text.Queue_voidInit
                0x0800157c       0x30 ./src/HAL/USART_Handler/USRTH_program.o
 .text.USRTH_voidInit
                0x080015ac       0x50 ./src/HAL/USART_Handler/USRTH_program.o
                0x080015ac                USRTH_voidInit
 .text.USRTH_DMAEnable
                0x080015fc       0x18 ./src/HAL/USART_Handler/USRTH_program.o
                0x080015fc                USRTH_DMAEnable
 .text.USRTH_DMADisable
                0x08001614        0x8 ./src/HAL/USART_Handler/USRTH_program.o
                0x08001614                USRTH_DMADisable
 .text.USRTH_DMAStop
                0x0800161c        0x8 ./src/HAL/USART_Handler/USRTH_program.o
                0x0800161c                USRTH_DMAStop
 .text.USRTH_DMASend
                0x08001624        0x8 ./src/HAL/USART_Handler/USRTH_program.o
                0x08001624                USRTH_DMASend
 .text.USRTH_DMARecieve
                0x0800162c        0x8 ./src/HAL/USART_Handler/USRTH_program.o
                0x0800162c                USRTH_DMARecieve
 .text.BLProtocol_constructFrame
                0x08001634      0x124 ./src/Com_Protocols/BL_protocol/BL_protocol.o
                0x08001634                BLProtocol_constructFrame
 .text.BLProtocol_extractData
                0x08001758       0x90 ./src/Com_Protocols/BL_protocol/BL_protocol.o
                0x08001758                BLProtocol_extractData
 .text.BLProtocol_getFrameLength
                0x080017e8       0x10 ./src/Com_Protocols/BL_protocol/BL_protocol.o
                0x080017e8                BLProtocol_getFrameLength
 .text.send_Response
                0x080017f8       0x4c ./src/main.o
 .text.BL_receiveLastHeaderFrame
                0x08001844       0x8c ./src/main.o
 .text.BL_receiveDataFrame
                0x080018d0       0xd4 ./src/main.o
 .text.BL_receiveStartFrame
                0x080019a4       0xb8 ./src/main.o
 .text.BL_receiveReqFrame
                0x08001a5c       0x80 ./src/main.o
 .text.BL_ComSequence
                0x08001adc      0x18c ./src/main.o
                0x08001adc                BL_ComSequence
 .text.main     0x08001c68       0x70 ./src/main.o
                0x08001c68                main
 .text          0x08001cd8      0x21c d:/iti/tourkey/arm_tourkey/arm tools iti/arm gcc/bin/../lib/gcc/arm-none-eabi/5.4.1/armv7-m\libgcc.a(_arm_addsubsf3.o)
                0x08001cd8                __aeabi_frsub
                0x08001ce0                __subsf3
                0x08001ce0                __aeabi_fsub
                0x08001ce4                __aeabi_fadd
                0x08001ce4                __addsf3
                0x08001e44                __aeabi_ui2f
                0x08001e44                __floatunsisf
                0x08001e4c                __aeabi_i2f
                0x08001e4c                __floatsisf
                0x08001e68                __aeabi_ul2f
                0x08001e68                __floatundisf
                0x08001e78                __aeabi_l2f
                0x08001e78                __floatdisf
 .text          0x08001ef4      0x2a0 d:/iti/tourkey/arm_tourkey/arm tools iti/arm gcc/bin/../lib/gcc/arm-none-eabi/5.4.1/armv7-m\libgcc.a(_arm_muldivsf3.o)
                0x08001ef4                __mulsf3
                0x08001ef4                __aeabi_fmul
                0x0800205c                __aeabi_fdiv
                0x0800205c                __divsf3
 .text          0x08002194       0x40 d:/iti/tourkey/arm_tourkey/arm tools iti/arm gcc/bin/../lib/gcc/arm-none-eabi/5.4.1/armv7-m\libgcc.a(_arm_fixunssfsi.o)
                0x08002194                __fixunssfsi
                0x08002194                __aeabi_f2uiz
 .text.__errno  0x080021d4        0xc d:/iti/tourkey/arm_tourkey/arm tools iti/arm gcc/bin/../lib/gcc/arm-none-eabi/5.4.1/../../../../arm-none-eabi/lib/armv7-m\libg_nano.a(lib_a-errno.o)
                0x080021d4                __errno
 .text._vsnprintf_r
                0x080021e0       0x56 d:/iti/tourkey/arm_tourkey/arm tools iti/arm gcc/bin/../lib/gcc/arm-none-eabi/5.4.1/../../../../arm-none-eabi/lib/armv7-m\libg_nano.a(lib_a-vsnprintf.o)
                0x080021e0                _vsniprintf_r
                0x080021e0                _vsnprintf_r
 *fill*         0x08002236        0x2 
 .text.vsnprintf
                0x08002238       0x1c d:/iti/tourkey/arm_tourkey/arm tools iti/arm gcc/bin/../lib/gcc/arm-none-eabi/5.4.1/../../../../arm-none-eabi/lib/armv7-m\libg_nano.a(lib_a-vsnprintf.o)
                0x08002238                vsniprintf
                0x08002238                vsnprintf
 .text.__ssputs_r
                0x08002254       0xb2 d:/iti/tourkey/arm_tourkey/arm tools iti/arm gcc/bin/../lib/gcc/arm-none-eabi/5.4.1/../../../../arm-none-eabi/lib/armv7-m\libg_nano.a(lib_a-nano-svfprintf.o)
                0x08002254                __ssputs_r
 *fill*         0x08002306        0x2 
 .text._svfprintf_r
                0x08002308      0x1e8 d:/iti/tourkey/arm_tourkey/arm tools iti/arm gcc/bin/../lib/gcc/arm-none-eabi/5.4.1/../../../../arm-none-eabi/lib/armv7-m\libg_nano.a(lib_a-nano-svfprintf.o)
                0x08002308                _svfiprintf_r
                0x08002308                _svfprintf_r
 .text._printf_common
                0x080024f0       0xec d:/iti/tourkey/arm_tourkey/arm tools iti/arm gcc/bin/../lib/gcc/arm-none-eabi/5.4.1/../../../../arm-none-eabi/lib/armv7-m\libg_nano.a(lib_a-nano-vfprintf_i.o)
                0x080024f0                _printf_common
 .text._printf_i
                0x080025dc      0x24c d:/iti/tourkey/arm_tourkey/arm tools iti/arm gcc/bin/../lib/gcc/arm-none-eabi/5.4.1/../../../../arm-none-eabi/lib/armv7-m\libg_nano.a(lib_a-nano-vfprintf_i.o)
                0x080025dc                _printf_i
 .text.memchr   0x08002828       0x1c d:/iti/tourkey/arm_tourkey/arm tools iti/arm gcc/bin/../lib/gcc/arm-none-eabi/5.4.1/../../../../arm-none-eabi/lib/armv7-m\libg_nano.a(lib_a-memchr-stub.o)
                0x08002828                memchr
 .text.memcpy   0x08002844       0x16 d:/iti/tourkey/arm_tourkey/arm tools iti/arm gcc/bin/../lib/gcc/arm-none-eabi/5.4.1/../../../../arm-none-eabi/lib/armv7-m\libg_nano.a(lib_a-memcpy-stub.o)
                0x08002844                memcpy
 .text.memmove  0x0800285a       0x36 d:/iti/tourkey/arm_tourkey/arm tools iti/arm gcc/bin/../lib/gcc/arm-none-eabi/5.4.1/../../../../arm-none-eabi/lib/armv7-m\libg_nano.a(lib_a-memmove.o)
                0x0800285a                memmove
 .text._free_r  0x08002890       0x98 d:/iti/tourkey/arm_tourkey/arm tools iti/arm gcc/bin/../lib/gcc/arm-none-eabi/5.4.1/../../../../arm-none-eabi/lib/armv7-m\libg_nano.a(lib_a-nano-freer.o)
                0x08002890                _free_r
 .text._malloc_r
                0x08002928       0xbc d:/iti/tourkey/arm_tourkey/arm tools iti/arm gcc/bin/../lib/gcc/arm-none-eabi/5.4.1/../../../../arm-none-eabi/lib/armv7-m\libg_nano.a(lib_a-nano-mallocr.o)
                0x08002928                _malloc_r
 .text._realloc_r
                0x080029e4       0x4c d:/iti/tourkey/arm_tourkey/arm tools iti/arm gcc/bin/../lib/gcc/arm-none-eabi/5.4.1/../../../../arm-none-eabi/lib/armv7-m\libg_nano.a(lib_a-nano-reallocr.o)
                0x080029e4                _realloc_r
 .text._sbrk_r  0x08002a30       0x20 d:/iti/tourkey/arm_tourkey/arm tools iti/arm gcc/bin/../lib/gcc/arm-none-eabi/5.4.1/../../../../arm-none-eabi/lib/armv7-m\libg_nano.a(lib_a-sbrkr.o)
                0x08002a30                _sbrk_r
 .text.__malloc_lock
                0x08002a50        0x2 d:/iti/tourkey/arm_tourkey/arm tools iti/arm gcc/bin/../lib/gcc/arm-none-eabi/5.4.1/../../../../arm-none-eabi/lib/armv7-m\libg_nano.a(lib_a-mlock.o)
                0x08002a50                __malloc_lock
 .text.__malloc_unlock
                0x08002a52        0x2 d:/iti/tourkey/arm_tourkey/arm tools iti/arm gcc/bin/../lib/gcc/arm-none-eabi/5.4.1/../../../../arm-none-eabi/lib/armv7-m\libg_nano.a(lib_a-mlock.o)
                0x08002a52                __malloc_unlock
 .text._malloc_usable_size_r
                0x08002a54       0x14 d:/iti/tourkey/arm_tourkey/arm tools iti/arm gcc/bin/../lib/gcc/arm-none-eabi/5.4.1/../../../../arm-none-eabi/lib/armv7-m\libg_nano.a(lib_a-nano-msizer.o)
                0x08002a54                _malloc_usable_size_r
 *(.rodata .rodata.* .constdata .constdata.*)
 .rodata.str1.4
                0x08002a68      0x146 ./system/src/cortexm/exception_handlers.o
 *fill*         0x08002bae        0x2 
 .rodata        0x08002bb0       0x18 ./src/HAL/USART_Handler/USRTH_program.o
 .rodata.protocol_cfg
                0x08002bc8       0x14 ./src/Com_Protocols/BL_protocol/BL_protocol_cfg.o
                0x08002bc8                protocol_cfg
 .rodata.str1.4
                0x08002bdc       0xd8 ./src/main.o
                                 0xd7 (size before relaxing)
 .rodata.str1.1
                0x08002cb4       0x11 d:/iti/tourkey/arm_tourkey/arm tools iti/arm gcc/bin/../lib/gcc/arm-none-eabi/5.4.1/../../../../arm-none-eabi/lib/armv7-m\libg_nano.a(lib_a-nano-svfprintf.o)
 .rodata.str1.1
                0x08002cc5       0x22 d:/iti/tourkey/arm_tourkey/arm tools iti/arm gcc/bin/../lib/gcc/arm-none-eabi/5.4.1/../../../../arm-none-eabi/lib/armv7-m\libg_nano.a(lib_a-nano-vfprintf_i.o)
 *(vtable)
 *(.eh_frame*)
 *(.glue_7)
 .glue_7        0x08002ce7        0x0 linker stubs
 *(.glue_7t)
 .glue_7t       0x08002ce7        0x0 linker stubs

.vfp11_veneer   0x08002ce8        0x0
 .vfp11_veneer  0x08002ce8        0x0 linker stubs

.v4_bx          0x08002ce8        0x0
 .v4_bx         0x08002ce8        0x0 linker stubs

.iplt           0x08002ce8        0x0
 .iplt          0x08002ce8        0x0 ./system/src/stm32f1-stdperiph/misc.o

.rel.dyn        0x08002ce8        0x0
 .rel.iplt      0x08002ce8        0x0 ./system/src/stm32f1-stdperiph/misc.o

.ARM.extab
 *(.ARM.extab* .gnu.linkonce.armextab.*)
                0x08002ce8                . = ALIGN (0x4)
                0x08002ce8                __exidx_start = .

.ARM.exidx
 *(.ARM.exidx* .gnu.linkonce.armexidx.*)
                0x08002ce8                __exidx_end = .
                0x08002ce8                . = ALIGN (0x4)
                0x08002ce8                _etext = .
                0x08002ce8                __etext = .

.data_CCMRAM    0x00000000        0x0 load address 0x08002ce8
 FILL mask 0xff
 *(.data.CCMRAM .data.CCMRAM.*)
                0x00000000                . = ALIGN (0x4)
                0x08002ce8                _sidata = LOADADDR (.data)

.data           0x20000000       0x8c load address 0x08002ce8
 FILL mask 0xff
                0x20000000                _sdata = .
                0x20000000                __data_start__ = .
 *(.data_begin .data_begin.*)
 .data_begin    0x20000000        0x4 ./system/src/newlib/_startup.o
 *(.data .data.*)
 .data.argv.4290
                0x20000004        0x8 ./system/src/newlib/_syscalls.o
 .data.AHBPrescTable
                0x2000000c       0x10 ./system/src/cmsis/system_stm32f10x.o
                0x2000000c                AHBPrescTable
 .data.SystemCoreClock
                0x2000001c        0x4 ./system/src/cmsis/system_stm32f10x.o
                0x2000001c                SystemCoreClock
 .data.datRecFlag
                0x20000020        0x1 ./src/main.o
 *fill*         0x20000021        0x3 ff
 .data.impure_data
                0x20000024       0x60 d:/iti/tourkey/arm_tourkey/arm tools iti/arm gcc/bin/../lib/gcc/arm-none-eabi/5.4.1/../../../../arm-none-eabi/lib/armv7-m\libg_nano.a(lib_a-impure.o)
 .data._impure_ptr
                0x20000084        0x4 d:/iti/tourkey/arm_tourkey/arm tools iti/arm gcc/bin/../lib/gcc/arm-none-eabi/5.4.1/../../../../arm-none-eabi/lib/armv7-m\libg_nano.a(lib_a-impure.o)
                0x20000084                _impure_ptr
 *(.data_end .data_end.*)
 .data_end      0x20000088        0x4 ./system/src/newlib/_startup.o
                0x2000008c                . = ALIGN (0x4)
                0x2000008c                _edata = .
                0x2000008c                __data_end__ = .

.igot.plt       0x2000008c        0x0 load address 0x08002d74
 .igot.plt      0x2000008c        0x0 ./system/src/stm32f1-stdperiph/misc.o

.bss_CCMRAM     0x00000000        0x0
 *(.bss.CCMRAM .bss.CCMRAM.*)

.bss            0x2000008c      0x68c
                0x2000008c                __bss_start__ = .
                0x2000008c                _sbss = .
 *(.bss_begin .bss_begin.*)
 .bss_begin     0x2000008c        0x4 ./system/src/newlib/_startup.o
 *(.bss .bss.*)
 .bss.current_heap_end.3974
                0x20000090        0x4 ./system/src/newlib/_sbrk.o
 .bss.name.4289
                0x20000094        0x1 ./system/src/newlib/_syscalls.o
 *fill*         0x20000095        0x3 
 .bss.buf.5179  0x20000098       0x80 ./system/src/diag/Trace.o
 .bss.txbuffer  0x20000118       0x18 ./src/MCAL/USART/USART_program.o
 .bss.DMA_CB    0x20000130        0x4 ./src/MCAL/USART/USART_program.o
 .bss.Sending_Mode
                0x20000134        0x1 ./src/MCAL/USART/USART_program.o
 .bss.USART_DMAState
                0x20000135        0x1 ./src/MCAL/USART/USART_program.o
                0x20000135                USART_DMAState
 *fill*         0x20000136        0x2 
 .bss.LIN_break_CB
                0x20000138        0x4 ./src/MCAL/USART/USART_program.o
 .bss.rxbuffer  0x2000013c       0x18 ./src/MCAL/USART/USART_program.o
 .bss.callBack  0x20000154        0x4 ./src/MCAL/SysTick/STK_program.o
 .bss.CB_Handlers
                0x20000158       0x54 ./src/MCAL/DMA/DMA_program.o
 .bss.x.3907    0x200001ac        0x4 ./src/MCAL/DMA/DMA_program.o
 .bss.x.3911    0x200001b0        0x4 ./src/MCAL/DMA/DMA_program.o
 .bss.responseFrameNum
                0x200001b4        0x1 ./src/Com_Protocols/BL_protocol/BL_protocol.o
 .bss.writeReqFrameNum
                0x200001b5        0x1 ./src/Com_Protocols/BL_protocol/BL_protocol.o
 .bss.startFrameNum
                0x200001b6        0x1 ./src/Com_Protocols/BL_protocol/BL_protocol.o
 .bss.dataFrameNum
                0x200001b7        0x1 ./src/Com_Protocols/BL_protocol/BL_protocol.o
 .bss.headerIdicatiorNum
                0x200001b8        0x1 ./src/Com_Protocols/BL_protocol/BL_protocol.o
 *fill*         0x200001b9        0x3 
 .bss.buffer    0x200001bc      0x405 ./src/main.o
 *fill*         0x200005c1        0x3 
 .bss.pack      0x200005c4       0x20 ./src/main.o
 .bss.numOfSectors
                0x200005e4        0x1 ./src/main.o
 .bss.sector_idx
                0x200005e5        0x1 ./src/main.o
 .bss.counter   0x200005e6        0x1 ./src/main.o
 .bss.status    0x200005e7        0x1 ./src/main.o
 .bss.__malloc_sbrk_start
                0x200005e8        0x4 d:/iti/tourkey/arm_tourkey/arm tools iti/arm gcc/bin/../lib/gcc/arm-none-eabi/5.4.1/../../../../arm-none-eabi/lib/armv7-m\libg_nano.a(lib_a-nano-mallocr.o)
                0x200005e8                __malloc_sbrk_start
 .bss.__malloc_free_list
                0x200005ec        0x4 d:/iti/tourkey/arm_tourkey/arm tools iti/arm gcc/bin/../lib/gcc/arm-none-eabi/5.4.1/../../../../arm-none-eabi/lib/armv7-m\libg_nano.a(lib_a-nano-mallocr.o)
                0x200005ec                __malloc_free_list
 *(COMMON)
 COMMON         0x200005f0        0x4 ./system/src/newlib/_syscalls.o
                0x200005f0                errno
 COMMON         0x200005f4        0xf ./src/MCAL/DMA/DMA_program.o
                0x200005f4                Channel_AlwaysBusy
                0x200005fc                Channel_States
 *fill*         0x20000603        0x1 
 COMMON         0x20000604      0x110 ./src/HAL/USART_Handler/USRTH_program.o
                0x20000604                SendQueue
                0x20000614                RecQueue
                0x20000624                TxReqs
                0x2000069c                RxReqs
 *(.bss_end .bss_end.*)
 .bss_end       0x20000714        0x4 ./system/src/newlib/_startup.o
                0x20000718                . = ALIGN (0x4)
                0x20000718                __bss_end__ = .
                0x20000718                _ebss = .

.noinit_CCMRAM
 *(.noinit.CCMRAM .noinit.CCMRAM.*)

.noinit         0x20000718        0x0
                0x20000718                _noinit = .
 *(.noinit .noinit.*)
                0x20000718                . = ALIGN (0x4)
                0x20000718                _end_noinit = .
                [!provide]                PROVIDE (end, _end_noinit)
                [!provide]                PROVIDE (_end, _end_noinit)
                [!provide]                PROVIDE (__end, _end_noinit)
                [!provide]                PROVIDE (__end__, _end_noinit)

._check_stack   0x20000718      0x100
                0x20000818                . = (. + _Minimum_Stack_Size)
 *fill*         0x20000718      0x100 

.b1text
 *(.b1text)
 *(.b1rodata)
 *(.b1rodata.*)

.eb0text
 *(.eb0text)
 *(.eb0rodata)
 *(.eb0rodata.*)

.eb1text
 *(.eb1text)
 *(.eb1rodata)
 *(.eb1rodata.*)

.eb2text
 *(.eb2text)
 *(.eb2rodata)
 *(.eb2rodata.*)

.eb3text
 *(.eb3text)
 *(.eb3rodata)
 *(.eb3rodata.*)

.stab
 *(.stab)

.stabstr
 *(.stabstr)

.stab.excl
 *(.stab.excl)

.stab.exclstr
 *(.stab.exclstr)

.stab.index
 *(.stab.index)

.stab.indexstr
 *(.stab.indexstr)

.comment        0x00000000       0x6e
 *(.comment)
 .comment       0x00000000       0x6e ./system/src/newlib/_exit.o
                                 0x6f (size before relaxing)
 .comment       0x0000006e       0x6f ./system/src/newlib/_sbrk.o
 .comment       0x0000006e       0x6f ./system/src/newlib/_startup.o
 .comment       0x0000006e       0x6f ./system/src/newlib/_syscalls.o
 .comment       0x0000006e       0x6f ./system/src/diag/Trace.o
 .comment       0x0000006e       0x6f ./system/src/diag/trace_impl.o
 .comment       0x0000006e       0x6f ./system/src/cortexm/_initialize_hardware.o
 .comment       0x0000006e       0x6f ./system/src/cortexm/exception_handlers.o
 .comment       0x0000006e       0x6f ./system/src/cmsis/system_stm32f10x.o
 .comment       0x0000006e       0x6f ./system/src/cmsis/vectors_stm32f10x.o
 .comment       0x0000006e       0x6f ./src/MCAL/USART/USART_program.o
 .comment       0x0000006e       0x6f ./src/MCAL/SysTick/STK_program.o
 .comment       0x0000006e       0x6f ./src/MCAL/RCC/RCC_program.o
 .comment       0x0000006e       0x6f ./src/MCAL/NVIC/NVIC_program.o
 .comment       0x0000006e       0x6f ./src/MCAL/Flash/Flash_program.o
 .comment       0x0000006e       0x6f ./src/MCAL/DMA/DMA_program.o
 .comment       0x0000006e       0x6f ./src/MCAL/DIO/DIO_program.o
 .comment       0x0000006e       0x6f ./src/LIB/Delay/DELAY_program.o
 .comment       0x0000006e       0x6f ./src/HAL/USART_Handler/USRTH_program.o
 .comment       0x0000006e       0x6f ./src/Com_Protocols/BL_protocol/BL_protocol.o
 .comment       0x0000006e       0x6f ./src/Com_Protocols/BL_protocol/BL_protocol_cfg.o
 .comment       0x0000006e       0x6f ./src/main.o

.ARM.attributes
                0x00000000       0x31
 .ARM.attributes
                0x00000000       0x33 ./system/src/newlib/_exit.o
 .ARM.attributes
                0x00000033       0x33 ./system/src/newlib/_sbrk.o
 .ARM.attributes
                0x00000066       0x33 ./system/src/newlib/_startup.o
 .ARM.attributes
                0x00000099       0x33 ./system/src/newlib/_syscalls.o
 .ARM.attributes
                0x000000cc       0x33 ./system/src/diag/Trace.o
 .ARM.attributes
                0x000000ff       0x33 ./system/src/diag/trace_impl.o
 .ARM.attributes
                0x00000132       0x33 ./system/src/cortexm/_initialize_hardware.o
 .ARM.attributes
                0x00000165       0x33 ./system/src/cortexm/exception_handlers.o
 .ARM.attributes
                0x00000198       0x33 ./system/src/cmsis/system_stm32f10x.o
 .ARM.attributes
                0x000001cb       0x33 ./system/src/cmsis/vectors_stm32f10x.o
 .ARM.attributes
                0x000001fe       0x33 ./src/MCAL/USART/USART_program.o
 .ARM.attributes
                0x00000231       0x33 ./src/MCAL/SysTick/STK_program.o
 .ARM.attributes
                0x00000264       0x33 ./src/MCAL/RCC/RCC_program.o
 .ARM.attributes
                0x00000297       0x33 ./src/MCAL/NVIC/NVIC_program.o
 .ARM.attributes
                0x000002ca       0x33 ./src/MCAL/Flash/Flash_program.o
 .ARM.attributes
                0x000002fd       0x33 ./src/MCAL/DMA/DMA_program.o
 .ARM.attributes
                0x00000330       0x33 ./src/MCAL/DIO/DIO_program.o
 .ARM.attributes
                0x00000363       0x33 ./src/LIB/Delay/DELAY_program.o
 .ARM.attributes
                0x00000396       0x33 ./src/HAL/USART_Handler/USRTH_program.o
 .ARM.attributes
                0x000003c9       0x33 ./src/Com_Protocols/BL_protocol/BL_protocol.o
 .ARM.attributes
                0x000003fc       0x33 ./src/Com_Protocols/BL_protocol/BL_protocol_cfg.o
 .ARM.attributes
                0x0000042f       0x33 ./src/main.o
 .ARM.attributes
                0x00000462       0x1d d:/iti/tourkey/arm_tourkey/arm tools iti/arm gcc/bin/../lib/gcc/arm-none-eabi/5.4.1/armv7-m\libgcc.a(_arm_addsubsf3.o)
 .ARM.attributes
                0x0000047f       0x1d d:/iti/tourkey/arm_tourkey/arm tools iti/arm gcc/bin/../lib/gcc/arm-none-eabi/5.4.1/armv7-m\libgcc.a(_arm_muldivsf3.o)
 .ARM.attributes
                0x0000049c       0x1d d:/iti/tourkey/arm_tourkey/arm tools iti/arm gcc/bin/../lib/gcc/arm-none-eabi/5.4.1/armv7-m\libgcc.a(_arm_fixunssfsi.o)
 .ARM.attributes
                0x000004b9       0x2d d:/iti/tourkey/arm_tourkey/arm tools iti/arm gcc/bin/../lib/gcc/arm-none-eabi/5.4.1/../../../../arm-none-eabi/lib/armv7-m\libg_nano.a(lib_a-errno.o)
 .ARM.attributes
                0x000004e6       0x2d d:/iti/tourkey/arm_tourkey/arm tools iti/arm gcc/bin/../lib/gcc/arm-none-eabi/5.4.1/../../../../arm-none-eabi/lib/armv7-m\libg_nano.a(lib_a-impure.o)
 .ARM.attributes
                0x00000513       0x2d d:/iti/tourkey/arm_tourkey/arm tools iti/arm gcc/bin/../lib/gcc/arm-none-eabi/5.4.1/../../../../arm-none-eabi/lib/armv7-m\libg_nano.a(lib_a-vsnprintf.o)
 .ARM.attributes
                0x00000540       0x2d d:/iti/tourkey/arm_tourkey/arm tools iti/arm gcc/bin/../lib/gcc/arm-none-eabi/5.4.1/../../../../arm-none-eabi/lib/armv7-m\libg_nano.a(lib_a-nano-svfprintf.o)
 .ARM.attributes
                0x0000056d       0x2d d:/iti/tourkey/arm_tourkey/arm tools iti/arm gcc/bin/../lib/gcc/arm-none-eabi/5.4.1/../../../../arm-none-eabi/lib/armv7-m\libg_nano.a(lib_a-nano-vfprintf_i.o)
 .ARM.attributes
                0x0000059a       0x2d d:/iti/tourkey/arm_tourkey/arm tools iti/arm gcc/bin/../lib/gcc/arm-none-eabi/5.4.1/../../../../arm-none-eabi/lib/armv7-m\libg_nano.a(lib_a-memchr-stub.o)
 .ARM.attributes
                0x000005c7       0x2d d:/iti/tourkey/arm_tourkey/arm tools iti/arm gcc/bin/../lib/gcc/arm-none-eabi/5.4.1/../../../../arm-none-eabi/lib/armv7-m\libg_nano.a(lib_a-memcpy-stub.o)
 .ARM.attributes
                0x000005f4       0x2d d:/iti/tourkey/arm_tourkey/arm tools iti/arm gcc/bin/../lib/gcc/arm-none-eabi/5.4.1/../../../../arm-none-eabi/lib/armv7-m\libg_nano.a(lib_a-memmove.o)
 .ARM.attributes
                0x00000621       0x2d d:/iti/tourkey/arm_tourkey/arm tools iti/arm gcc/bin/../lib/gcc/arm-none-eabi/5.4.1/../../../../arm-none-eabi/lib/armv7-m\libg_nano.a(lib_a-nano-freer.o)
 .ARM.attributes
                0x0000064e       0x2d d:/iti/tourkey/arm_tourkey/arm tools iti/arm gcc/bin/../lib/gcc/arm-none-eabi/5.4.1/../../../../arm-none-eabi/lib/armv7-m\libg_nano.a(lib_a-nano-mallocr.o)
 .ARM.attributes
                0x0000067b       0x2d d:/iti/tourkey/arm_tourkey/arm tools iti/arm gcc/bin/../lib/gcc/arm-none-eabi/5.4.1/../../../../arm-none-eabi/lib/armv7-m\libg_nano.a(lib_a-nano-reallocr.o)
 .ARM.attributes
                0x000006a8       0x2d d:/iti/tourkey/arm_tourkey/arm tools iti/arm gcc/bin/../lib/gcc/arm-none-eabi/5.4.1/../../../../arm-none-eabi/lib/armv7-m\libg_nano.a(lib_a-sbrkr.o)
 .ARM.attributes
                0x000006d5       0x2d d:/iti/tourkey/arm_tourkey/arm tools iti/arm gcc/bin/../lib/gcc/arm-none-eabi/5.4.1/../../../../arm-none-eabi/lib/armv7-m\libg_nano.a(lib_a-mlock.o)
 .ARM.attributes
                0x00000702       0x2d d:/iti/tourkey/arm_tourkey/arm tools iti/arm gcc/bin/../lib/gcc/arm-none-eabi/5.4.1/../../../../arm-none-eabi/lib/armv7-m\libg_nano.a(lib_a-nano-msizer.o)

.debug
 *(.debug)

.line
 *(.line)

.debug_srcinfo
 *(.debug_srcinfo)

.debug_sfnames
 *(.debug_sfnames)

.debug_aranges  0x00000000      0x708
 *(.debug_aranges)
 .debug_aranges
                0x00000000       0x28 ./system/src/newlib/_exit.o
 .debug_aranges
                0x00000028       0x20 ./system/src/newlib/_sbrk.o
 .debug_aranges
                0x00000048       0x40 ./system/src/newlib/_startup.o
 .debug_aranges
                0x00000088       0x30 ./system/src/newlib/_syscalls.o
 .debug_aranges
                0x000000b8       0x38 ./system/src/diag/Trace.o
 .debug_aranges
                0x000000f0       0x30 ./system/src/diag/trace_impl.o
 .debug_aranges
                0x00000120       0x28 ./system/src/cortexm/_initialize_hardware.o
 .debug_aranges
                0x00000148       0x90 ./system/src/cortexm/exception_handlers.o
 .debug_aranges
                0x000001d8       0x38 ./system/src/cmsis/system_stm32f10x.o
 .debug_aranges
                0x00000210       0x20 ./system/src/cmsis/vectors_stm32f10x.o
 .debug_aranges
                0x00000230       0xc8 ./src/MCAL/USART/USART_program.o
 .debug_aranges
                0x000002f8       0x48 ./src/MCAL/SysTick/STK_program.o
 .debug_aranges
                0x00000340       0xa0 ./src/MCAL/RCC/RCC_program.o
 .debug_aranges
                0x000003e0       0x88 ./src/MCAL/NVIC/NVIC_program.o
 .debug_aranges
                0x00000468       0x50 ./src/MCAL/Flash/Flash_program.o
 .debug_aranges
                0x000004b8       0xc8 ./src/MCAL/DMA/DMA_program.o
 .debug_aranges
                0x00000580       0x40 ./src/MCAL/DIO/DIO_program.o
 .debug_aranges
                0x000005c0       0x20 ./src/LIB/Delay/DELAY_program.o
 .debug_aranges
                0x000005e0       0x90 ./src/HAL/USART_Handler/USRTH_program.o
 .debug_aranges
                0x00000670       0x30 ./src/Com_Protocols/BL_protocol/BL_protocol.o
 .debug_aranges
                0x000006a0       0x18 ./src/Com_Protocols/BL_protocol/BL_protocol_cfg.o
 .debug_aranges
                0x000006b8       0x50 ./src/main.o

.debug_pubnames
 *(.debug_pubnames)

.debug_info     0x00000000     0x5f9f
 *(.debug_info .gnu.linkonce.wi.*)
 .debug_info    0x00000000       0xef ./system/src/newlib/_exit.o
 .debug_info    0x000000ef      0x11f ./system/src/newlib/_sbrk.o
 .debug_info    0x0000020e      0x455 ./system/src/newlib/_startup.o
 .debug_info    0x00000663      0x1c7 ./system/src/newlib/_syscalls.o
 .debug_info    0x0000082a      0x2e7 ./system/src/diag/Trace.o
 .debug_info    0x00000b11      0x30b ./system/src/diag/trace_impl.o
 .debug_info    0x00000e1c      0x2b1 ./system/src/cortexm/_initialize_hardware.o
 .debug_info    0x000010cd      0x8da ./system/src/cortexm/exception_handlers.o
 .debug_info    0x000019a7      0x497 ./system/src/cmsis/system_stm32f10x.o
 .debug_info    0x00001e3e       0xd1 ./system/src/cmsis/vectors_stm32f10x.o
 .debug_info    0x00001f0f      0xa1b ./src/MCAL/USART/USART_program.o
 .debug_info    0x0000292a      0x1b1 ./src/MCAL/SysTick/STK_program.o
 .debug_info    0x00002adb      0x54b ./src/MCAL/RCC/RCC_program.o
 .debug_info    0x00003026      0x41e ./src/MCAL/NVIC/NVIC_program.o
 .debug_info    0x00003444      0x53f ./src/MCAL/Flash/Flash_program.o
 .debug_info    0x00003983      0x9d6 ./src/MCAL/DMA/DMA_program.o
 .debug_info    0x00004359      0x2cf ./src/MCAL/DIO/DIO_program.o
 .debug_info    0x00004628       0x8c ./src/LIB/Delay/DELAY_program.o
 .debug_info    0x000046b4      0x97f ./src/HAL/USART_Handler/USRTH_program.o
 .debug_info    0x00005033      0x3bc ./src/Com_Protocols/BL_protocol/BL_protocol.o
 .debug_info    0x000053ef       0xbd ./src/Com_Protocols/BL_protocol/BL_protocol_cfg.o
 .debug_info    0x000054ac      0xaf3 ./src/main.o

.debug_abbrev   0x00000000     0x1dbc
 *(.debug_abbrev)
 .debug_abbrev  0x00000000       0x8e ./system/src/newlib/_exit.o
 .debug_abbrev  0x0000008e       0xb9 ./system/src/newlib/_sbrk.o
 .debug_abbrev  0x00000147      0x1ac ./system/src/newlib/_startup.o
 .debug_abbrev  0x000002f3       0xec ./system/src/newlib/_syscalls.o
 .debug_abbrev  0x000003df      0x156 ./system/src/diag/Trace.o
 .debug_abbrev  0x00000535      0x1c8 ./system/src/diag/trace_impl.o
 .debug_abbrev  0x000006fd       0xea ./system/src/cortexm/_initialize_hardware.o
 .debug_abbrev  0x000007e7      0x247 ./system/src/cortexm/exception_handlers.o
 .debug_abbrev  0x00000a2e      0x159 ./system/src/cmsis/system_stm32f10x.o
 .debug_abbrev  0x00000b87       0x9d ./system/src/cmsis/vectors_stm32f10x.o
 .debug_abbrev  0x00000c24      0x240 ./src/MCAL/USART/USART_program.o
 .debug_abbrev  0x00000e64      0x10d ./src/MCAL/SysTick/STK_program.o
 .debug_abbrev  0x00000f71      0x180 ./src/MCAL/RCC/RCC_program.o
 .debug_abbrev  0x000010f1      0x14e ./src/MCAL/NVIC/NVIC_program.o
 .debug_abbrev  0x0000123f      0x1d0 ./src/MCAL/Flash/Flash_program.o
 .debug_abbrev  0x0000140f      0x1fa ./src/MCAL/DMA/DMA_program.o
 .debug_abbrev  0x00001609      0x137 ./src/MCAL/DIO/DIO_program.o
 .debug_abbrev  0x00001740       0x74 ./src/LIB/Delay/DELAY_program.o
 .debug_abbrev  0x000017b4      0x1ef ./src/HAL/USART_Handler/USRTH_program.o
 .debug_abbrev  0x000019a3      0x1a5 ./src/Com_Protocols/BL_protocol/BL_protocol.o
 .debug_abbrev  0x00001b48       0x8d ./src/Com_Protocols/BL_protocol/BL_protocol_cfg.o
 .debug_abbrev  0x00001bd5      0x1e7 ./src/main.o

.debug_line     0x00000000     0x3d8a
 *(.debug_line)
 .debug_line    0x00000000      0x31d ./system/src/newlib/_exit.o
 .debug_line    0x0000031d      0x2ce ./system/src/newlib/_sbrk.o
 .debug_line    0x000005eb      0x384 ./system/src/newlib/_startup.o
 .debug_line    0x0000096f      0x3e1 ./system/src/newlib/_syscalls.o
 .debug_line    0x00000d50      0x38b ./system/src/diag/Trace.o
 .debug_line    0x000010db      0x603 ./system/src/diag/trace_impl.o
 .debug_line    0x000016de      0x36b ./system/src/cortexm/_initialize_hardware.o
 .debug_line    0x00001a49      0x6ac ./system/src/cortexm/exception_handlers.o
 .debug_line    0x000020f5      0x3cb ./system/src/cmsis/system_stm32f10x.o
 .debug_line    0x000024c0       0xfb ./system/src/cmsis/vectors_stm32f10x.o
 .debug_line    0x000025bb      0x308 ./src/MCAL/USART/USART_program.o
 .debug_line    0x000028c3      0x11d ./src/MCAL/SysTick/STK_program.o
 .debug_line    0x000029e0      0x258 ./src/MCAL/RCC/RCC_program.o
 .debug_line    0x00002c38      0x18b ./src/MCAL/NVIC/NVIC_program.o
 .debug_line    0x00002dc3      0x2b8 ./src/MCAL/Flash/Flash_program.o
 .debug_line    0x0000307b      0x333 ./src/MCAL/DMA/DMA_program.o
 .debug_line    0x000033ae      0x112 ./src/MCAL/DIO/DIO_program.o
 .debug_line    0x000034c0       0x9c ./src/LIB/Delay/DELAY_program.o
 .debug_line    0x0000355c      0x367 ./src/HAL/USART_Handler/USRTH_program.o
 .debug_line    0x000038c3      0x169 ./src/Com_Protocols/BL_protocol/BL_protocol.o
 .debug_line    0x00003a2c       0xa2 ./src/Com_Protocols/BL_protocol/BL_protocol_cfg.o
 .debug_line    0x00003ace      0x2bc ./src/main.o

.debug_frame    0x00000000     0x1250
 *(.debug_frame)
 .debug_frame   0x00000000       0x38 ./system/src/newlib/_exit.o
 .debug_frame   0x00000038       0x28 ./system/src/newlib/_sbrk.o
 .debug_frame   0x00000060       0x7c ./system/src/newlib/_startup.o
 .debug_frame   0x000000dc       0x50 ./system/src/newlib/_syscalls.o
 .debug_frame   0x0000012c       0x94 ./system/src/diag/Trace.o
 .debug_frame   0x000001c0       0x60 ./system/src/diag/trace_impl.o
 .debug_frame   0x00000220       0x40 ./system/src/cortexm/_initialize_hardware.o
 .debug_frame   0x00000260      0x158 ./system/src/cortexm/exception_handlers.o
 .debug_frame   0x000003b8       0x68 ./system/src/cmsis/system_stm32f10x.o
 .debug_frame   0x00000420       0x20 ./system/src/cmsis/vectors_stm32f10x.o
 .debug_frame   0x00000440      0x1ec ./src/MCAL/USART/USART_program.o
 .debug_frame   0x0000062c       0x78 ./src/MCAL/SysTick/STK_program.o
 .debug_frame   0x000006a4      0x13c ./src/MCAL/RCC/RCC_program.o
 .debug_frame   0x000007e0      0x140 ./src/MCAL/NVIC/NVIC_program.o
 .debug_frame   0x00000920       0xd4 ./src/MCAL/Flash/Flash_program.o
 .debug_frame   0x000009f4      0x20c ./src/MCAL/DMA/DMA_program.o
 .debug_frame   0x00000c00       0x88 ./src/MCAL/DIO/DIO_program.o
 .debug_frame   0x00000c88       0x28 ./src/LIB/Delay/DELAY_program.o
 .debug_frame   0x00000cb0      0x19c ./src/HAL/USART_Handler/USRTH_program.o
 .debug_frame   0x00000e4c       0x50 ./src/Com_Protocols/BL_protocol/BL_protocol.o
 .debug_frame   0x00000e9c       0xc8 ./src/main.o
 .debug_frame   0x00000f64       0x20 d:/iti/tourkey/arm_tourkey/arm tools iti/arm gcc/bin/../lib/gcc/arm-none-eabi/5.4.1/../../../../arm-none-eabi/lib/armv7-m\libg_nano.a(lib_a-errno.o)
 .debug_frame   0x00000f84       0x48 d:/iti/tourkey/arm_tourkey/arm tools iti/arm gcc/bin/../lib/gcc/arm-none-eabi/5.4.1/../../../../arm-none-eabi/lib/armv7-m\libg_nano.a(lib_a-vsnprintf.o)
 .debug_frame   0x00000fcc       0x90 d:/iti/tourkey/arm_tourkey/arm tools iti/arm gcc/bin/../lib/gcc/arm-none-eabi/5.4.1/../../../../arm-none-eabi/lib/armv7-m\libg_nano.a(lib_a-nano-svfprintf.o)
 .debug_frame   0x0000105c       0x60 d:/iti/tourkey/arm_tourkey/arm tools iti/arm gcc/bin/../lib/gcc/arm-none-eabi/5.4.1/../../../../arm-none-eabi/lib/armv7-m\libg_nano.a(lib_a-nano-vfprintf_i.o)
 .debug_frame   0x000010bc       0x28 d:/iti/tourkey/arm_tourkey/arm tools iti/arm gcc/bin/../lib/gcc/arm-none-eabi/5.4.1/../../../../arm-none-eabi/lib/armv7-m\libg_nano.a(lib_a-memchr-stub.o)
 .debug_frame   0x000010e4       0x28 d:/iti/tourkey/arm_tourkey/arm tools iti/arm gcc/bin/../lib/gcc/arm-none-eabi/5.4.1/../../../../arm-none-eabi/lib/armv7-m\libg_nano.a(lib_a-memcpy-stub.o)
 .debug_frame   0x0000110c       0x28 d:/iti/tourkey/arm_tourkey/arm tools iti/arm gcc/bin/../lib/gcc/arm-none-eabi/5.4.1/../../../../arm-none-eabi/lib/armv7-m\libg_nano.a(lib_a-memmove.o)
 .debug_frame   0x00001134       0x38 d:/iti/tourkey/arm_tourkey/arm tools iti/arm gcc/bin/../lib/gcc/arm-none-eabi/5.4.1/../../../../arm-none-eabi/lib/armv7-m\libg_nano.a(lib_a-nano-freer.o)
 .debug_frame   0x0000116c       0x2c d:/iti/tourkey/arm_tourkey/arm tools iti/arm gcc/bin/../lib/gcc/arm-none-eabi/5.4.1/../../../../arm-none-eabi/lib/armv7-m\libg_nano.a(lib_a-nano-mallocr.o)
 .debug_frame   0x00001198       0x3c d:/iti/tourkey/arm_tourkey/arm tools iti/arm gcc/bin/../lib/gcc/arm-none-eabi/5.4.1/../../../../arm-none-eabi/lib/armv7-m\libg_nano.a(lib_a-nano-reallocr.o)
 .debug_frame   0x000011d4       0x2c d:/iti/tourkey/arm_tourkey/arm tools iti/arm gcc/bin/../lib/gcc/arm-none-eabi/5.4.1/../../../../arm-none-eabi/lib/armv7-m\libg_nano.a(lib_a-sbrkr.o)
 .debug_frame   0x00001200       0x30 d:/iti/tourkey/arm_tourkey/arm tools iti/arm gcc/bin/../lib/gcc/arm-none-eabi/5.4.1/../../../../arm-none-eabi/lib/armv7-m\libg_nano.a(lib_a-mlock.o)
 .debug_frame   0x00001230       0x20 d:/iti/tourkey/arm_tourkey/arm tools iti/arm gcc/bin/../lib/gcc/arm-none-eabi/5.4.1/../../../../arm-none-eabi/lib/armv7-m\libg_nano.a(lib_a-nano-msizer.o)

.debug_str      0x00000000    0x5c056
 *(.debug_str)
 .debug_str     0x00000000     0x6d30 ./system/src/newlib/_exit.o
                               0x6ea2 (size before relaxing)
 .debug_str     0x00006d30      0x4de ./system/src/newlib/_sbrk.o
                               0x628d (size before relaxing)
 .debug_str     0x0000720e      0xbc3 ./system/src/newlib/_startup.o
                               0x5e42 (size before relaxing)
 .debug_str     0x00007dd1      0xe18 ./system/src/newlib/_syscalls.o
                               0x70ed (size before relaxing)
 .debug_str     0x00008be9      0x890 ./system/src/diag/Trace.o
                               0x7692 (size before relaxing)
 .debug_str     0x00009479    0x4b2a9 ./system/src/diag/trace_impl.o
                              0x51e54 (size before relaxing)
 .debug_str     0x00054722       0xc4 ./system/src/cortexm/_initialize_hardware.o
                              0x4e00e (size before relaxing)
 .debug_str     0x000547e6      0x1a0 ./system/src/cortexm/exception_handlers.o
                              0x52c16 (size before relaxing)
 .debug_str     0x00054986      0x117 ./system/src/cmsis/system_stm32f10x.o
                              0x4e0b8 (size before relaxing)
 .debug_str     0x00054a9d       0x57 ./system/src/cmsis/vectors_stm32f10x.o
                               0x305d (size before relaxing)
 .debug_str     0x00054af4     0x11cf ./src/MCAL/USART/USART_program.o
                               0x3734 (size before relaxing)
 .debug_str     0x00055cc3      0x236 ./src/MCAL/SysTick/STK_program.o
                               0x281e (size before relaxing)
 .debug_str     0x00055ef9      0xffe ./src/MCAL/RCC/RCC_program.o
                               0x361d (size before relaxing)
 .debug_str     0x00056ef7      0x705 ./src/MCAL/NVIC/NVIC_program.o
                               0x2d1a (size before relaxing)
 .debug_str     0x000575fc      0x4d4 ./src/MCAL/Flash/Flash_program.o
                               0x2adc (size before relaxing)
 .debug_str     0x00057ad0      0x798 ./src/MCAL/DMA/DMA_program.o
                               0x4455 (size before relaxing)
 .debug_str     0x00058268     0x36b2 ./src/MCAL/DIO/DIO_program.o
                               0x5d7a (size before relaxing)
 .debug_str     0x0005b91a       0x52 ./src/LIB/Delay/DELAY_program.o
                               0x261e (size before relaxing)
 .debug_str     0x0005b96c      0x20f ./src/HAL/USART_Handler/USRTH_program.o
                               0x728b (size before relaxing)
 .debug_str     0x0005bb7b      0x2ec ./src/Com_Protocols/BL_protocol/BL_protocol.o
                               0x28ef (size before relaxing)
 .debug_str     0x0005be67       0x33 ./src/Com_Protocols/BL_protocol/BL_protocol_cfg.o
                               0x267c (size before relaxing)
 .debug_str     0x0005be9a      0x1bc ./src/main.o
                               0x3bb8 (size before relaxing)

.debug_loc      0x00000000     0x333c
 *(.debug_loc)
 .debug_loc     0x00000000       0x82 ./system/src/newlib/_sbrk.o
 .debug_loc     0x00000082      0x265 ./system/src/newlib/_startup.o
 .debug_loc     0x000002e7       0x63 ./system/src/newlib/_syscalls.o
 .debug_loc     0x0000034a      0x102 ./system/src/diag/Trace.o
 .debug_loc     0x0000044c      0x17c ./system/src/diag/trace_impl.o
 .debug_loc     0x000005c8      0x2a8 ./system/src/cortexm/exception_handlers.o
 .debug_loc     0x00000870       0xdf ./system/src/cmsis/system_stm32f10x.o
 .debug_loc     0x0000094f      0x84c ./src/MCAL/USART/USART_program.o
 .debug_loc     0x0000119b       0x9c ./src/MCAL/SysTick/STK_program.o
 .debug_loc     0x00001237      0x67d ./src/MCAL/RCC/RCC_program.o
 .debug_loc     0x000018b4      0x333 ./src/MCAL/NVIC/NVIC_program.o
 .debug_loc     0x00001be7      0x893 ./src/MCAL/Flash/Flash_program.o
 .debug_loc     0x0000247a      0x3f0 ./src/MCAL/DMA/DMA_program.o
 .debug_loc     0x0000286a      0x12c ./src/MCAL/DIO/DIO_program.o
 .debug_loc     0x00002996       0x40 ./src/LIB/Delay/DELAY_program.o
 .debug_loc     0x000029d6      0x4de ./src/HAL/USART_Handler/USRTH_program.o
 .debug_loc     0x00002eb4      0x361 ./src/Com_Protocols/BL_protocol/BL_protocol.o
 .debug_loc     0x00003215      0x127 ./src/main.o

.debug_macinfo
 *(.debug_macinfo)

.debug_weaknames
 *(.debug_weaknames)

.debug_funcnames
 *(.debug_funcnames)

.debug_typenames
 *(.debug_typenames)

.debug_varnames
 *(.debug_varnames)
OUTPUT(BootLoader_project.elf elf32-littlearm)

.debug_ranges   0x00000000      0x6a0
 .debug_ranges  0x00000000       0x18 ./system/src/newlib/_exit.o
 .debug_ranges  0x00000018       0x10 ./system/src/newlib/_sbrk.o
 .debug_ranges  0x00000028       0x48 ./system/src/newlib/_startup.o
 .debug_ranges  0x00000070       0x20 ./system/src/newlib/_syscalls.o
 .debug_ranges  0x00000090       0x28 ./system/src/diag/Trace.o
 .debug_ranges  0x000000b8       0x38 ./system/src/diag/trace_impl.o
 .debug_ranges  0x000000f0       0x18 ./system/src/cortexm/_initialize_hardware.o
 .debug_ranges  0x00000108       0x98 ./system/src/cortexm/exception_handlers.o
 .debug_ranges  0x000001a0       0x28 ./system/src/cmsis/system_stm32f10x.o
 .debug_ranges  0x000001c8       0x10 ./system/src/cmsis/vectors_stm32f10x.o
 .debug_ranges  0x000001d8       0xb8 ./src/MCAL/USART/USART_program.o
 .debug_ranges  0x00000290       0x38 ./src/MCAL/SysTick/STK_program.o
 .debug_ranges  0x000002c8       0x90 ./src/MCAL/RCC/RCC_program.o
 .debug_ranges  0x00000358       0x78 ./src/MCAL/NVIC/NVIC_program.o
 .debug_ranges  0x000003d0       0xd8 ./src/MCAL/Flash/Flash_program.o
 .debug_ranges  0x000004a8       0xd8 ./src/MCAL/DMA/DMA_program.o
 .debug_ranges  0x00000580       0x30 ./src/MCAL/DIO/DIO_program.o
 .debug_ranges  0x000005b0       0x10 ./src/LIB/Delay/DELAY_program.o
 .debug_ranges  0x000005c0       0x80 ./src/HAL/USART_Handler/USRTH_program.o
 .debug_ranges  0x00000640       0x20 ./src/Com_Protocols/BL_protocol/BL_protocol.o
 .debug_ranges  0x00000660       0x40 ./src/main.o

.debug_macro    0x00000000     0x3d3e
 .debug_macro   0x00000000      0x19c ./system/src/newlib/_exit.o
 .debug_macro   0x0000019c       0x9c ./system/src/newlib/_exit.o
 .debug_macro   0x00000238      0x10e ./system/src/newlib/_exit.o
 .debug_macro   0x00000346       0x8d ./system/src/newlib/_exit.o
 .debug_macro   0x000003d3       0x43 ./system/src/newlib/_exit.o
 .debug_macro   0x00000416      0x30d ./system/src/newlib/_exit.o
 .debug_macro   0x00000723       0x35 ./system/src/newlib/_exit.o
 .debug_macro   0x00000758      0x151 ./system/src/newlib/_sbrk.o
 .debug_macro   0x000008a9      0x174 ./system/src/newlib/_sbrk.o
 .debug_macro   0x00000a1d       0x10 ./system/src/newlib/_sbrk.o
 .debug_macro   0x00000a2d      0x23b ./system/src/newlib/_sbrk.o
 .debug_macro   0x00000c68      0x15b ./system/src/newlib/_startup.o
 .debug_macro   0x00000dc3      0x1ff ./system/src/newlib/_syscalls.o
 .debug_macro   0x00000fc2       0x1c ./system/src/newlib/_syscalls.o
 .debug_macro   0x00000fde       0x10 ./system/src/newlib/_syscalls.o
 .debug_macro   0x00000fee       0x10 ./system/src/newlib/_syscalls.o
 .debug_macro   0x00000ffe       0x10 ./system/src/newlib/_syscalls.o
 .debug_macro   0x0000100e       0x35 ./system/src/newlib/_syscalls.o
 .debug_macro   0x00001043      0x122 ./system/src/newlib/_syscalls.o
 .debug_macro   0x00001165       0x88 ./system/src/newlib/_syscalls.o
 .debug_macro   0x000011ed       0x2b ./system/src/newlib/_syscalls.o
 .debug_macro   0x00001218      0x118 ./system/src/newlib/_syscalls.o
 .debug_macro   0x00001330      0x159 ./system/src/newlib/_syscalls.o
 .debug_macro   0x00001489       0x16 ./system/src/newlib/_syscalls.o
 .debug_macro   0x0000149f      0x1d9 ./system/src/diag/Trace.o
 .debug_macro   0x00001678       0x16 ./system/src/diag/Trace.o
 .debug_macro   0x0000168e       0x97 ./system/src/diag/Trace.o
 .debug_macro   0x00001725       0xfd ./system/src/diag/Trace.o
 .debug_macro   0x00001822       0x10 ./system/src/diag/Trace.o
 .debug_macro   0x00001832       0x16 ./system/src/diag/Trace.o
 .debug_macro   0x00001848      0x18b ./system/src/diag/Trace.o
 .debug_macro   0x000019d3       0x4c ./system/src/diag/Trace.o
 .debug_macro   0x00001a1f       0x16 ./system/src/diag/Trace.o
 .debug_macro   0x00001a35      0x2c2 ./system/src/diag/trace_impl.o
 .debug_macro   0x00001cf7       0x10 ./system/src/diag/trace_impl.o
 .debug_macro   0x00001d07       0xcf ./system/src/diag/trace_impl.o
 .debug_macro   0x00001dd6       0xbe ./system/src/diag/trace_impl.o
 .debug_macro   0x00001e94       0x22 ./system/src/diag/trace_impl.o
 .debug_macro   0x00001eb6      0x16b ./system/src/cortexm/_initialize_hardware.o
 .debug_macro   0x00002021      0x302 ./system/src/cortexm/exception_handlers.o
 .debug_macro   0x00002323       0x3b ./system/src/cortexm/exception_handlers.o
 .debug_macro   0x0000235e       0x10 ./system/src/cortexm/exception_handlers.o
 .debug_macro   0x0000236e      0x16e ./system/src/cmsis/system_stm32f10x.o
 .debug_macro   0x000024dc       0x34 ./system/src/cmsis/vectors_stm32f10x.o
 .debug_macro   0x00002510       0x64 ./src/MCAL/USART/USART_program.o
 .debug_macro   0x00002574       0x34 ./src/MCAL/USART/USART_program.o
 .debug_macro   0x000025a8      0x1a2 ./src/MCAL/USART/USART_program.o
 .debug_macro   0x0000274a       0x5e ./src/MCAL/USART/USART_program.o
 .debug_macro   0x000027a8       0x46 ./src/MCAL/USART/USART_program.o
 .debug_macro   0x000027ee       0xee ./src/MCAL/USART/USART_program.o
 .debug_macro   0x000028dc       0x3e ./src/MCAL/SysTick/STK_program.o
 .debug_macro   0x0000291a       0x22 ./src/MCAL/SysTick/STK_program.o
 .debug_macro   0x0000293c       0x1c ./src/MCAL/SysTick/STK_program.o
 .debug_macro   0x00002958       0x16 ./src/MCAL/SysTick/STK_program.o
 .debug_macro   0x0000296e       0x1c ./src/MCAL/SysTick/STK_program.o
 .debug_macro   0x0000298a      0x139 ./src/MCAL/RCC/RCC_program.o
 .debug_macro   0x00002ac3      0x28c ./src/MCAL/RCC/RCC_program.o
 .debug_macro   0x00002d4f       0x47 ./src/MCAL/NVIC/NVIC_program.o
 .debug_macro   0x00002d96      0x1a8 ./src/MCAL/NVIC/NVIC_program.o
 .debug_macro   0x00002f3e       0x3f ./src/MCAL/Flash/Flash_program.o
 .debug_macro   0x00002f7d       0x1c ./src/MCAL/Flash/Flash_program.o
 .debug_macro   0x00002f99       0x16 ./src/MCAL/Flash/Flash_program.o
 .debug_macro   0x00002faf       0x76 ./src/MCAL/Flash/Flash_program.o
 .debug_macro   0x00003025       0x59 ./src/MCAL/DMA/DMA_program.o
 .debug_macro   0x0000307e       0x88 ./src/MCAL/DMA/DMA_program.o
 .debug_macro   0x00003106       0x1c ./src/MCAL/DMA/DMA_program.o
 .debug_macro   0x00003122       0x3a ./src/MCAL/DMA/DMA_program.o
 .debug_macro   0x0000315c       0x41 ./src/MCAL/DIO/DIO_program.o
 .debug_macro   0x0000319d      0x8e1 ./src/MCAL/DIO/DIO_program.o
 .debug_macro   0x00003a7e       0x94 ./src/MCAL/DIO/DIO_program.o
 .debug_macro   0x00003b12       0x2a ./src/LIB/Delay/DELAY_program.o
 .debug_macro   0x00003b3c       0x73 ./src/HAL/USART_Handler/USRTH_program.o
 .debug_macro   0x00003baf       0x22 ./src/HAL/USART_Handler/USRTH_program.o
 .debug_macro   0x00003bd1       0x1c ./src/HAL/USART_Handler/USRTH_program.o
 .debug_macro   0x00003bed       0x2c ./src/Com_Protocols/BL_protocol/BL_protocol.o
 .debug_macro   0x00003c19       0x46 ./src/Com_Protocols/BL_protocol/BL_protocol.o
 .debug_macro   0x00003c5f       0x16 ./src/Com_Protocols/BL_protocol/BL_protocol.o
 .debug_macro   0x00003c75       0x23 ./src/Com_Protocols/BL_protocol/BL_protocol_cfg.o
 .debug_macro   0x00003c98       0xa6 ./src/main.o
